Archive member included to satisfy reference by file (symbol)

examples\libexamples.a(Pico-8SEG-LED-test.c.obj)
                              CMakeFiles/main.dir/main.c.obj (LED_8SEG_test)
lib\LED_8SEG\libLED_8SEG.a(LED_8SEG.c.obj)
                              examples\libexamples.a(Pico-8SEG-LED-test.c.obj) (LED_8SEG_stopwatch)
lib\Config\libConfig.a(DEV_Config.c.obj)
                              lib\LED_8SEG\libLED_8SEG.a(LED_8SEG.c.obj) (DEV_Digital_Write)
f:/program files (x86)/gnu tools arm embedded/9 2019-q4-major/bin/../lib/gcc/arm-none-eabi/9.2.1/thumb/v6-m/nofp\libgcc.a(_dvmd_tls.o)
                              CMakeFiles/main.dir/F_/Pico/pico-sdk/src/rp2_common/pico_divider/divider.S.obj (__aeabi_idiv0)
f:/program files (x86)/gnu tools arm embedded/9 2019-q4-major/bin/../lib/gcc/arm-none-eabi/9.2.1/../../../../arm-none-eabi/lib/thumb/v6-m/nofp\libg.a(lib_a-calloc.o)
                              CMakeFiles/main.dir/F_/Pico/pico-sdk/src/rp2_common/pico_malloc/pico_malloc.c.obj (calloc)
f:/program files (x86)/gnu tools arm embedded/9 2019-q4-major/bin/../lib/gcc/arm-none-eabi/9.2.1/../../../../arm-none-eabi/lib/thumb/v6-m/nofp\libg.a(lib_a-callocr.o)
                              f:/program files (x86)/gnu tools arm embedded/9 2019-q4-major/bin/../lib/gcc/arm-none-eabi/9.2.1/../../../../arm-none-eabi/lib/thumb/v6-m/nofp\libg.a(lib_a-calloc.o) (_calloc_r)
f:/program files (x86)/gnu tools arm embedded/9 2019-q4-major/bin/../lib/gcc/arm-none-eabi/9.2.1/../../../../arm-none-eabi/lib/thumb/v6-m/nofp\libg.a(lib_a-ctype_.o)
                              CMakeFiles/main.dir/F_/Pico/pico-sdk/lib/tinyusb/src/tusb.c.obj (_ctype_)
f:/program files (x86)/gnu tools arm embedded/9 2019-q4-major/bin/../lib/gcc/arm-none-eabi/9.2.1/../../../../arm-none-eabi/lib/thumb/v6-m/nofp\libg.a(lib_a-impure.o)
                              f:/program files (x86)/gnu tools arm embedded/9 2019-q4-major/bin/../lib/gcc/arm-none-eabi/9.2.1/../../../../arm-none-eabi/lib/thumb/v6-m/nofp\libg.a(lib_a-calloc.o) (_impure_ptr)
f:/program files (x86)/gnu tools arm embedded/9 2019-q4-major/bin/../lib/gcc/arm-none-eabi/9.2.1/../../../../arm-none-eabi/lib/thumb/v6-m/nofp\libg.a(lib_a-init.o)
                              f:/program files (x86)/gnu tools arm embedded/9 2019-q4-major/bin/../lib/gcc/arm-none-eabi/9.2.1/../../../../arm-none-eabi/lib/thumb/v6-m/nofp/crt0.o (__libc_init_array)
f:/program files (x86)/gnu tools arm embedded/9 2019-q4-major/bin/../lib/gcc/arm-none-eabi/9.2.1/../../../../arm-none-eabi/lib/thumb/v6-m/nofp\libg.a(lib_a-malloc.o)
                              CMakeFiles/main.dir/F_/Pico/pico-sdk/src/rp2_common/pico_malloc/pico_malloc.c.obj (malloc)
f:/program files (x86)/gnu tools arm embedded/9 2019-q4-major/bin/../lib/gcc/arm-none-eabi/9.2.1/../../../../arm-none-eabi/lib/thumb/v6-m/nofp\libg.a(lib_a-mallocr.o)
                              f:/program files (x86)/gnu tools arm embedded/9 2019-q4-major/bin/../lib/gcc/arm-none-eabi/9.2.1/../../../../arm-none-eabi/lib/thumb/v6-m/nofp\libg.a(lib_a-callocr.o) (_malloc_r)
f:/program files (x86)/gnu tools arm embedded/9 2019-q4-major/bin/../lib/gcc/arm-none-eabi/9.2.1/../../../../arm-none-eabi/lib/thumb/v6-m/nofp\libg.a(lib_a-mlock.o)
                              f:/program files (x86)/gnu tools arm embedded/9 2019-q4-major/bin/../lib/gcc/arm-none-eabi/9.2.1/../../../../arm-none-eabi/lib/thumb/v6-m/nofp\libg.a(lib_a-mallocr.o) (__malloc_lock)
f:/program files (x86)/gnu tools arm embedded/9 2019-q4-major/bin/../lib/gcc/arm-none-eabi/9.2.1/../../../../arm-none-eabi/lib/thumb/v6-m/nofp\libg.a(lib_a-sbrkr.o)
                              f:/program files (x86)/gnu tools arm embedded/9 2019-q4-major/bin/../lib/gcc/arm-none-eabi/9.2.1/../../../../arm-none-eabi/lib/thumb/v6-m/nofp\libg.a(lib_a-mallocr.o) (_sbrk_r)
f:/program files (x86)/gnu tools arm embedded/9 2019-q4-major/bin/../lib/gcc/arm-none-eabi/9.2.1/../../../../arm-none-eabi/lib/thumb/v6-m/nofp\libg.a(lib_a-strlen-stub.o)
                              CMakeFiles/main.dir/F_/Pico/pico-sdk/src/rp2_common/pico_stdio/stdio.c.obj (strlen)
f:/program files (x86)/gnu tools arm embedded/9 2019-q4-major/bin/../lib/gcc/arm-none-eabi/9.2.1/../../../../arm-none-eabi/lib/thumb/v6-m/nofp\libg.a(lib_a-freer.o)
                              f:/program files (x86)/gnu tools arm embedded/9 2019-q4-major/bin/../lib/gcc/arm-none-eabi/9.2.1/../../../../arm-none-eabi/lib/thumb/v6-m/nofp\libg.a(lib_a-malloc.o) (_free_r)
f:/program files (x86)/gnu tools arm embedded/9 2019-q4-major/bin/../lib/gcc/arm-none-eabi/9.2.1/../../../../arm-none-eabi/lib/thumb/v6-m/nofp\libg.a(lib_a-lock.o)
                              f:/program files (x86)/gnu tools arm embedded/9 2019-q4-major/bin/../lib/gcc/arm-none-eabi/9.2.1/../../../../arm-none-eabi/lib/thumb/v6-m/nofp\libg.a(lib_a-mlock.o) (__retarget_lock_acquire_recursive)
[...]
Memory Configuration

Name             Origin             Length             Attributes
FLASH            0x10000000         0x00200000         xr
RAM              0x20000000         0x00040000         xrw
SCRATCH_X        0x20040000         0x00001000         xrw
SCRATCH_Y        0x20041000         0x00001000         xrw
*default*        0x00000000         0xffffffff

Linker script and memory map

LOAD f:/program files (x86)/gnu tools arm embedded/9 2019-q4-major/bin/../lib/gcc/arm-none-eabi/9.2.1/thumb/v6-m/nofp/crti.o
LOAD f:/program files (x86)/gnu tools arm embedded/9 2019-q4-major/bin/../lib/gcc/arm-none-eabi/9.2.1/thumb/v6-m/nofp/crtbegin.o
LOAD f:/program files (x86)/gnu tools arm embedded/9 2019-q4-major/bin/../lib/gcc/arm-none-eabi/9.2.1/../../../../arm-none-eabi/lib/thumb/v6-m/nofp/crt0.o

.flash_begin    0x10000000        0x0
                0x10000000                __flash_binary_start = .

.boot2          0x10000000      0x100
                0x10000000                __boot2_start__ = .
 *(.boot2)
 .boot2         0x10000000      0x100 C:\Users\HUANGS~1\AppData\Local\Temp\ccwb486M.o
                0x10000100                __boot2_end__ = .
                0x00000001                ASSERT (((__boot2_end__ - __boot2_start__) == 0x100), ERROR: Pico second stage bootloader must be 256 bytes in size)

.text           0x10000100     0x74d0
                0x10000100                __logical_binary_start = .
 *(.vectors)
 .vectors       0x10000100       0xd4 CMakeFiles/main.dir/F_/Pico/pico-sdk/src/rp2_common/pico_standard_link/crt0.S.obj
                0x10000100                __vectors
                0x100001c0                isr_invalid
                0x100001c2                isr_nmi
                0x100001c4                isr_hardfault
                0x100001c6                isr_svcall
                0x100001c8                isr_pendsv
                0x100001ca                isr_systick
                0x100001cc                isr_irq11
                0x100001cc                isr_irq5
                0x100001cc                isr_irq23
                0x100001cc                isr_irq18
                0x100001cc                isr_irq31
                0x100001cc                isr_irq28
                0x100001cc                isr_irq19
                0x100001cc                isr_irq0
                0x100001cc                isr_irq6
                0x100001cc                isr_irq27
                0x100001cc                isr_irq12
                0x100001cc                isr_irq22
                0x100001cc                isr_irq13
                0x100001cc                isr_irq17
                0x100001cc                isr_irq14
                0x100001cc                isr_irq2
                0x100001cc                isr_irq10
                0x100001cc                isr_irq8
                0x100001cc                isr_irq24
                0x100001cc                isr_irq1
                0x100001cc                isr_irq7
                0x100001cc                isr_irq21
                0x100001cc                isr_irq20
                0x100001cc                isr_irq15
                0x100001cc                isr_irq25
                0x100001cc                __unhandled_user_irq
                0x100001cc                isr_irq4
                0x100001cc                isr_irq16
                0x100001cc                isr_irq29
                0x100001cc                isr_irq26
                0x100001cc                isr_irq3
                0x100001cc                isr_irq30
                0x100001cc                isr_irq9
                0x100001d2                unhandled_user_irq_num_in_r0
 *(.binary_info_header)
 .binary_info_header
                0x100001d4       0x14 CMakeFiles/main.dir/F_/Pico/pico-sdk/src/rp2_common/pico_standard_link/crt0.S.obj
                0x100001e8                __binary_info_header_end = .
 *(.reset)
 .reset         0x100001e8       0xa8 CMakeFiles/main.dir/F_/Pico/pico-sdk/src/rp2_common/pico_standard_link/crt0.S.obj
                0x100001e8                _entry_point
                0x10000266                __get_current_exception
 .reset         0x10000290       0x30 CMakeFiles/main.dir/F_/Pico/pico-sdk/src/rp2_common/pico_standard_link/binary_info.c.obj
 *(.init)
 .init          0x100002c0        0x4 f:/program files (x86)/gnu tools arm embedded/9 2019-q4-major/bin/../lib/gcc/arm-none-eabi/9.2.1/thumb/v6-m/nofp/crti.o
                0x100002c0                _init
 *(EXCLUDE_FILE(*libm.a: *libc.a:*lib_a-mem*.o *libgcc.a:) .text*)
 .text          0x100002c4       0x48 f:/program files (x86)/gnu tools arm embedded/9 2019-q4-major/bin/../lib/gcc/arm-none-eabi/9.2.1/thumb/v6-m/nofp/crtbegin.o
 .text.main     0x1000030c        0xa CMakeFiles/main.dir/main.c.obj
                0x1000030c                main
 *fill*         0x10000316        0x2 
 .text.gpio_set_function
                0x10000318       0x30 CMakeFiles/main.dir/F_/Pico/pico-sdk/src/rp2_common/hardware_gpio/gpio.c.obj
                0x10000318                gpio_set_function
 .text.gpio_init
                0x10000348       0x16 CMakeFiles/main.dir/F_/Pico/pico-sdk/src/rp2_common/hardware_gpio/gpio.c.obj
                0x10000348                gpio_init
 *fill*         0x1000035e        0x2 
 .text.hw_claim_lock
                0x10000360       0x18 CMakeFiles/main.dir/F_/Pico/pico-sdk/src/rp2_common/hardware_claim/claim.c.obj
                0x10000360                hw_claim_lock
 .text.hw_claim_unlock
                0x10000378       0x14 CMakeFiles/main.dir/F_/Pico/pico-sdk/src/rp2_common/hardware_claim/claim.c.obj
                0x10000378                hw_claim_unlock
 .text.hw_claim_or_assert
                0x1000038c       0x34 CMakeFiles/main.dir/F_/Pico/pico-sdk/src/rp2_common/hardware_claim/claim.c.obj
                0x1000038c                hw_claim_or_assert
 .text.hw_claim_unused_from_range
                0x100003c0       0x56 CMakeFiles/main.dir/F_/Pico/pico-sdk/src/rp2_common/hardware_claim/claim.c.obj
                0x100003c0                hw_claim_unused_from_range
 *fill*         0x10000416        0x2 
 .text.spin_locks_reset
                0x10000418       0x20 CMakeFiles/main.dir/F_/Pico/pico-sdk/src/rp2_common/hardware_sync/sync.c.obj
                0x10000418                spin_locks_reset
 .text.next_striped_spin_lock_num
                0x10000438       0x1c CMakeFiles/main.dir/F_/Pico/pico-sdk/src/rp2_common/hardware_sync/sync.c.obj
                0x10000438                next_striped_spin_lock_num
 .text.spin_lock_claim_unused
                0x10000454       0x20 CMakeFiles/main.dir/F_/Pico/pico-sdk/src/rp2_common/hardware_sync/sync.c.obj
                0x10000454                spin_lock_claim_unused
 .text.running_on_fpga
                0x10000474       0x14 CMakeFiles/main.dir/F_/Pico/pico-sdk/src/rp2_common/pico_platform/platform.c.obj
                0x10000474                running_on_fpga
 .text.uart_set_baudrate
                0x10000488       0x64 CMakeFiles/main.dir/F_/Pico/pico-sdk/src/rp2_common/hardware_uart/uart.c.obj
                0x10000488                uart_set_baudrate
 .text.uart_set_translate_crlf
                0x100004ec       0x28 CMakeFiles/main.dir/F_/Pico/pico-sdk/src/rp2_common/hardware_uart/uart.c.obj
                0x100004ec                uart_set_translate_crlf
 .text.uart_init
                0x10000514       0x80 CMakeFiles/main.dir/F_/Pico/pico-sdk/src/rp2_common/hardware_uart/uart.c.obj
                0x10000514                uart_init
 .text.sev_callback
                0x10000594        0x8 CMakeFiles/main.dir/F_/Pico/pico-sdk/src/common/pico_time/time.c.obj
 .text.timer_pool_entry_comparator
                0x1000059c       0x7c CMakeFiles/main.dir/F_/Pico/pico-sdk/src/common/pico_time/time.c.obj
                0x1000059c                timer_pool_entry_comparator
 .text.ph_add_child_node
                0x10000618       0xa4 CMakeFiles/main.dir/F_/Pico/pico-sdk/src/common/pico_time/time.c.obj
 .text.ph_merge_nodes
                0x100006bc       0x3e CMakeFiles/main.dir/F_/Pico/pico-sdk/src/common/pico_time/time.c.obj
 *fill*         0x100006fa        0x2 
 .text.add_alarm_under_lock
                0x100006fc      0x178 CMakeFiles/main.dir/F_/Pico/pico-sdk/src/common/pico_time/time.c.obj
 .text.alarm_pool_alarm_callback
                0x10000874      0x2e8 CMakeFiles/main.dir/F_/Pico/pico-sdk/src/common/pico_time/time.c.obj
 .text.alarm_pool_get_default
                0x10000b5c       0x28 CMakeFiles/main.dir/F_/Pico/pico-sdk/src/common/pico_time/time.c.obj
                0x10000b5c                alarm_pool_get_default
 .text.alarm_pool_create
                0x10000b84       0x6c CMakeFiles/main.dir/F_/Pico/pico-sdk/src/common/pico_time/time.c.obj
                0x10000b84                alarm_pool_create
 .text.alarm_pool_init_default
                0x10000bf0       0x20 CMakeFiles/main.dir/F_/Pico/pico-sdk/src/common/pico_time/time.c.obj
                0x10000bf0                alarm_pool_init_default
 .text.alarm_pool_add_alarm_at
                0x10000c10      0x12c CMakeFiles/main.dir/F_/Pico/pico-sdk/src/common/pico_time/time.c.obj
                0x10000c10                alarm_pool_add_alarm_at
 .text.alarm_pool_cancel_alarm
                0x10000d3c       0xec CMakeFiles/main.dir/F_/Pico/pico-sdk/src/common/pico_time/time.c.obj
                0x10000d3c                alarm_pool_cancel_alarm
 .text.sleep_until
                0x10000e28       0x94 CMakeFiles/main.dir/F_/Pico/pico-sdk/src/common/pico_time/time.c.obj
                0x10000e28                sleep_until
 .text.sleep_us
                0x10000ebc       0x2c CMakeFiles/main.dir/F_/Pico/pico-sdk/src/common/pico_time/time.c.obj
                0x10000ebc                sleep_us
 .text.sleep_ms
                0x10000ee8       0x14 CMakeFiles/main.dir/F_/Pico/pico-sdk/src/common/pico_time/time.c.obj
                0x10000ee8                sleep_ms
 .text.best_effort_wfe_or_timeout
                0x10000efc       0x80 CMakeFiles/main.dir/F_/Pico/pico-sdk/src/common/pico_time/time.c.obj
                0x10000efc                best_effort_wfe_or_timeout
 .text.hardware_alarm_irq_handler
                0x10000f7c       0x8c CMakeFiles/main.dir/F_/Pico/pico-sdk/src/rp2_common/hardware_timer/timer.c.obj
 .text.hardware_alarm_claim
                0x10001008       0x18 CMakeFiles/main.dir/F_/Pico/pico-sdk/src/rp2_common/hardware_timer/timer.c.obj
                0x10001008                hardware_alarm_claim
 .text.time_us_64
                0x10001020       0x18 CMakeFiles/main.dir/F_/Pico/pico-sdk/src/rp2_common/hardware_timer/timer.c.obj
                0x10001020                time_us_64
 .text.busy_wait_until
                0x10001038       0x24 CMakeFiles/main.dir/F_/Pico/pico-sdk/src/rp2_common/hardware_timer/timer.c.obj
                0x10001038                busy_wait_until
 .text.hardware_alarm_set_callback
                0x1000105c       0x90 CMakeFiles/main.dir/F_/Pico/pico-sdk/src/rp2_common/hardware_timer/timer.c.obj
                0x1000105c                hardware_alarm_set_callback
 .text.hardware_alarm_set_target
                0x100010ec       0xd0 CMakeFiles/main.dir/F_/Pico/pico-sdk/src/rp2_common/hardware_timer/timer.c.obj
                0x100010ec                hardware_alarm_set_target
 .text.hardware_alarm_cancel
                0x100011bc       0x40 CMakeFiles/main.dir/F_/Pico/pico-sdk/src/rp2_common/hardware_timer/timer.c.obj
                0x100011bc                hardware_alarm_cancel
 .text.lock_init
                0x100011fc       0x30 CMakeFiles/main.dir/F_/Pico/pico-sdk/src/common/pico_sync/lock_core.c.obj
                0x100011fc                lock_init
 .text.mutex_init
                0x1000122c       0x1a CMakeFiles/main.dir/F_/Pico/pico-sdk/src/common/pico_sync/mutex.c.obj
                0x1000122c                mutex_init
 .text.critical_section_init_with_lock_num
                0x10001246        0xc CMakeFiles/main.dir/F_/Pico/pico-sdk/src/common/pico_sync/critical_section.c.obj
                0x10001246                critical_section_init_with_lock_num
 .text.critical_section_init
                0x10001252       0x14 CMakeFiles/main.dir/F_/Pico/pico-sdk/src/common/pico_sync/critical_section.c.obj
                0x10001252                critical_section_init
 *fill*         0x10001266        0x2 
 .text.ph_add_child_node
                0x10001268       0xa4 CMakeFiles/main.dir/F_/Pico/pico-sdk/src/common/pico_util/pheap.c.obj
 .text.ph_merge_nodes
                0x1000130c       0x3e CMakeFiles/main.dir/F_/Pico/pico-sdk/src/common/pico_util/pheap.c.obj
 *fill*         0x1000134a        0x2 
 .text.ph_clear
                0x1000134c       0x74 CMakeFiles/main.dir/F_/Pico/pico-sdk/src/common/pico_util/pheap.c.obj
                0x1000134c                ph_clear
 .text.ph_create
                0x100013c0       0x2c CMakeFiles/main.dir/F_/Pico/pico-sdk/src/common/pico_util/pheap.c.obj
                0x100013c0                ph_create
 .text.ph_merge_two_pass
                0x100013ec       0xa8 CMakeFiles/main.dir/F_/Pico/pico-sdk/src/common/pico_util/pheap.c.obj
                0x100013ec                ph_merge_two_pass
 .text.ph_remove_any_head
                0x10001494      0x108 CMakeFiles/main.dir/F_/Pico/pico-sdk/src/common/pico_util/pheap.c.obj
 .text.ph_remove_head_reserve
                0x1000159c       0x14 CMakeFiles/main.dir/F_/Pico/pico-sdk/src/common/pico_util/pheap.c.obj
                0x1000159c                ph_remove_head_reserve
 .text.ph_delete
                0x100015b0       0xf8 CMakeFiles/main.dir/F_/Pico/pico-sdk/src/common/pico_util/pheap.c.obj
                0x100015b0                ph_delete
 .text.runtime_init
                0x100016a8       0xcc CMakeFiles/main.dir/F_/Pico/pico-sdk/src/rp2_common/pico_runtime/runtime.c.obj
                0x100016a8                runtime_init
 .text._exit    0x10001774        0x4 CMakeFiles/main.dir/F_/Pico/pico-sdk/src/rp2_common/pico_runtime/runtime.c.obj
                0x10001774                _exit
 .text._sbrk    0x10001778       0x38 CMakeFiles/main.dir/F_/Pico/pico-sdk/src/rp2_common/pico_runtime/runtime.c.obj
                0x10001778                _sbrk
 .text.exit     0x100017b0        0x6 CMakeFiles/main.dir/F_/Pico/pico-sdk/src/rp2_common/pico_runtime/runtime.c.obj
                0x100017b0                exit
 *fill*         0x100017b6        0x2 
 .text.__assert_func
                0x100017b8       0x3c CMakeFiles/main.dir/F_/Pico/pico-sdk/src/rp2_common/pico_runtime/runtime.c.obj
                0x100017b8                __assert_func
 .text.panic    0x100017f4       0x30 CMakeFiles/main.dir/F_/Pico/pico-sdk/src/rp2_common/pico_runtime/runtime.c.obj
                0x100017f4                panic
 .text.clock_configure
                0x10001824       0xe8 CMakeFiles/main.dir/F_/Pico/pico-sdk/src/rp2_common/hardware_clocks/clocks.c.obj
                0x10001824                clock_configure
 .text.clocks_init
                0x1000190c      0x124 CMakeFiles/main.dir/F_/Pico/pico-sdk/src/rp2_common/hardware_clocks/clocks.c.obj
                0x1000190c                clocks_init
 .text.clock_get_hz
                0x10001a30        0xc CMakeFiles/main.dir/F_/Pico/pico-sdk/src/rp2_common/hardware_clocks/clocks.c.obj
                0x10001a30                clock_get_hz
 .text.watchdog_start_tick
                0x10001a3c       0x10 CMakeFiles/main.dir/F_/Pico/pico-sdk/src/rp2_common/hardware_watchdog/watchdog.c.obj
                0x10001a3c                watchdog_start_tick
 .text.xosc_init
                0x10001a4c       0x28 CMakeFiles/main.dir/F_/Pico/pico-sdk/src/rp2_common/hardware_xosc/xosc.c.obj
                0x10001a4c                xosc_init
 .text.pll_init
                0x10001a74       0xd4 CMakeFiles/main.dir/F_/Pico/pico-sdk/src/rp2_common/hardware_pll/pll.c.obj
                0x10001a74                pll_init
 .text.set_raw_irq_handler_and_unlock
                0x10001b48       0x28 CMakeFiles/main.dir/F_/Pico/pico-sdk/src/rp2_common/hardware_irq/irq.c.obj
 .text.make_branch
                0x10001b70       0x34 CMakeFiles/main.dir/F_/Pico/pico-sdk/src/rp2_common/hardware_irq/irq.c.obj
 .text.insert_branch_and_link
                0x10001ba4       0x40 CMakeFiles/main.dir/F_/Pico/pico-sdk/src/rp2_common/hardware_irq/irq.c.obj
 .text.irq_is_enabled
                0x10001be4       0x18 CMakeFiles/main.dir/F_/Pico/pico-sdk/src/rp2_common/hardware_irq/irq.c.obj
                0x10001be4                irq_is_enabled
 .text.irq_set_mask_enabled
                0x10001bfc       0x20 CMakeFiles/main.dir/F_/Pico/pico-sdk/src/rp2_common/hardware_irq/irq.c.obj
                0x10001bfc                irq_set_mask_enabled
 .text.irq_set_enabled
                0x10001c1c        0xe CMakeFiles/main.dir/F_/Pico/pico-sdk/src/rp2_common/hardware_irq/irq.c.obj
                0x10001c1c                irq_set_enabled
 *fill*         0x10001c2a        0x2 
 .text.irq_set_pending
                0x10001c2c       0x10 CMakeFiles/main.dir/F_/Pico/pico-sdk/src/rp2_common/hardware_irq/irq.c.obj
                0x10001c2c                irq_set_pending
 .text.irq_get_vtable_handler
                0x10001c3c       0x10 CMakeFiles/main.dir/F_/Pico/pico-sdk/src/rp2_common/hardware_irq/irq.c.obj
                0x10001c3c                irq_get_vtable_handler
 .text.irq_set_exclusive_handler
                0x10001c4c       0x54 CMakeFiles/main.dir/F_/Pico/pico-sdk/src/rp2_common/hardware_irq/irq.c.obj
                0x10001c4c                irq_set_exclusive_handler
 .text.irq_remove_handler
                0x10001ca0      0x1b4 CMakeFiles/main.dir/F_/Pico/pico-sdk/src/rp2_common/hardware_irq/irq.c.obj
                0x10001ca0                irq_remove_handler
 .text.irq_set_priority
                0x10001e54       0x28 CMakeFiles/main.dir/F_/Pico/pico-sdk/src/rp2_common/hardware_irq/irq.c.obj
                0x10001e54                irq_set_priority
 .text.irq_add_tail_to_free_list
                0x10001e7c       0xf8 CMakeFiles/main.dir/F_/Pico/pico-sdk/src/rp2_common/hardware_irq/irq.c.obj
                0x10001e7c                irq_add_tail_to_free_list
 .text.irq_init_priorities
                0x10001f74       0x16 CMakeFiles/main.dir/F_/Pico/pico-sdk/src/rp2_common/hardware_irq/irq.c.obj
                0x10001f74                irq_init_priorities
 .text._out_null
                0x10001f8a        0x2 CMakeFiles/main.dir/F_/Pico/pico-sdk/src/rp2_common/pico_printf/printf.c.obj
 .text._out_fct
                0x10001f8c        0xe CMakeFiles/main.dir/F_/Pico/pico-sdk/src/rp2_common/pico_printf/printf.c.obj
 .text._atoi    0x10001f9a       0x24 CMakeFiles/main.dir/F_/Pico/pico-sdk/src/rp2_common/pico_printf/printf.c.obj
 .text._out_rev
                0x10001fbe       0xae CMakeFiles/main.dir/F_/Pico/pico-sdk/src/rp2_common/pico_printf/printf.c.obj
 .text._ntoa_format
                0x1000206c      0x110 CMakeFiles/main.dir/F_/Pico/pico-sdk/src/rp2_common/pico_printf/printf.c.obj
 .text._ntoa_long
                0x1000217c       0xbc CMakeFiles/main.dir/F_/Pico/pico-sdk/src/rp2_common/pico_printf/printf.c.obj
 .text._ntoa_long_long
                0x10002238       0xe2 CMakeFiles/main.dir/F_/Pico/pico-sdk/src/rp2_common/pico_printf/printf.c.obj
 *fill*         0x1000231a        0x2 
 .text._etoa    0x1000231c      0x3f4 CMakeFiles/main.dir/F_/Pico/pico-sdk/src/rp2_common/pico_printf/printf.c.obj
 .text._ftoa    0x10002710      0x354 CMakeFiles/main.dir/F_/Pico/pico-sdk/src/rp2_common/pico_printf/printf.c.obj
 .text._vsnprintf
                0x10002a64      0x628 CMakeFiles/main.dir/F_/Pico/pico-sdk/src/rp2_common/pico_printf/printf.c.obj
 .text.vfctprintf
                0x1000308c       0x20 CMakeFiles/main.dir/F_/Pico/pico-sdk/src/rp2_common/pico_printf/printf.c.obj
                0x1000308c                vfctprintf
 .text          0x100030ac       0x10 CMakeFiles/main.dir/F_/Pico/pico-sdk/src/rp2_common/pico_bit_ops/bit_ops_aeabi.S.obj
 .text.rom_func_lookup
                0x100030bc       0x10 CMakeFiles/main.dir/F_/Pico/pico-sdk/src/rp2_common/pico_bootrom/bootrom.c.obj
                0x100030bc                rom_func_lookup
 .text.rom_data_lookup
                0x100030cc       0x10 CMakeFiles/main.dir/F_/Pico/pico-sdk/src/rp2_common/pico_bootrom/bootrom.c.obj
                0x100030cc                rom_data_lookup
 .text.rom_funcs_lookup
                0x100030dc       0x36 CMakeFiles/main.dir/F_/Pico/pico-sdk/src/rp2_common/pico_bootrom/bootrom.c.obj
                0x100030dc                rom_funcs_lookup
 *fill*         0x10003112        0x2 
 .text.__wrap___aeabi_idiv
                0x10003114       0x58 CMakeFiles/main.dir/F_/Pico/pico-sdk/src/rp2_common/pico_divider/divider.S.obj
                0x10003114                __wrap___aeabi_idivmod
                0x10003114                divmod_s32s32
                0x10003114                div_s32s32
                0x10003114                __wrap___aeabi_idiv
                0x1000311c                divmod_s32s32_unsafe
                0x10003148                divmod_s32s32_savestate
 .text.__wrap___aeabi_uidiv
                0x1000316c       0x54 CMakeFiles/main.dir/F_/Pico/pico-sdk/src/rp2_common/pico_divider/divider.S.obj
                0x1000316c                __wrap___aeabi_uidiv
                0x1000316c                __wrap___aeabi_uidivmod
                0x1000316c                div_u32u32
                0x1000316c                divmod_u32u32
                0x10003174                divmod_u32u32_unsafe
                0x1000319c                divmod_u32u32_savestate
 .text.__wrap___aeabi_ldiv
                0x100031c0      0x430 CMakeFiles/main.dir/F_/Pico/pico-sdk/src/rp2_common/pico_divider/divider.S.obj
                0x100031c0                div_s64s64
                0x100031c0                divmod_s64s64
                0x100031c0                __wrap___aeabi_ldivmod
                0x100031f8                divmod_u64u64
                0x100031f8                div_u64u64
                0x100031f8                __wrap___aeabi_uldivmod
                0x10003208                divmod_u64u64_savestate
                0x10003230                divmod_s64s64_unsafe
                0x100032b8                divmod_u64u64_unsafe
 .text.__wrap___aeabi_darithmetic
                0x100035f0       0x54 CMakeFiles/main.dir/F_/Pico/pico-sdk/src/rp2_common/pico_double/double_aeabi.S.obj
                0x100035f0                __wrap___aeabi_drsub
                0x100035f6                __wrap___aeabi_dsub
                0x10003608                __wrap___aeabi_dadd
                0x1000361a                __wrap___aeabi_ddiv
                0x1000362c                __wrap___aeabi_dmul
 .text.__wrap___aeabi_cdcmple
                0x10003644       0x6c CMakeFiles/main.dir/F_/Pico/pico-sdk/src/rp2_common/pico_double/double_aeabi.S.obj
                0x10003644                __wrap___aeabi_cdrcmple
                0x10003654                __wrap___aeabi_cdcmpeq
                0x10003654                __wrap___aeabi_cdcmple
 .text.__wrap___aeabi_dcmplt
                0x100036b0        0xc CMakeFiles/main.dir/F_/Pico/pico-sdk/src/rp2_common/pico_double/double_aeabi.S.obj
                0x100036b0                __wrap___aeabi_dcmplt
 .text.__wrap___aeabi_dcmple
                0x100036bc       0x10 CMakeFiles/main.dir/F_/Pico/pico-sdk/src/rp2_common/pico_double/double_aeabi.S.obj
                0x100036bc                __wrap___aeabi_dcmple
 .text.__wrap___aeabi_dcmpge
                0x100036cc       0x10 CMakeFiles/main.dir/F_/Pico/pico-sdk/src/rp2_common/pico_double/double_aeabi.S.obj
                0x100036cc                __wrap___aeabi_dcmpge
 .text.__wrap___aeabi_dcmpgt
                0x100036dc        0xa CMakeFiles/main.dir/F_/Pico/pico-sdk/src/rp2_common/pico_double/double_aeabi.S.obj
                0x100036dc                __wrap___aeabi_dcmpgt
 .text.__wrap___aeabi_dcmpun
                0x100036e6       0x1c CMakeFiles/main.dir/F_/Pico/pico-sdk/src/rp2_common/pico_double/double_aeabi.S.obj
                0x100036e6                __wrap___aeabi_dcmpun
 *fill*         0x10003702        0x2 
 .text.__wrap___aeabi_i2d
                0x10003704       0x38 CMakeFiles/main.dir/F_/Pico/pico-sdk/src/rp2_common/pico_double/double_aeabi.S.obj
                0x10003704                __wrap___aeabi_ui2d
                0x1000370c                __wrap___aeabi_i2d
 .text.__wrap___aeabi_d2iz
                0x1000373c       0x48 CMakeFiles/main.dir/F_/Pico/pico-sdk/src/rp2_common/pico_double/double_aeabi.S.obj
                0x1000373c                double2int_z
                0x1000373c                __wrap___aeabi_d2iz
 .text.__wrap___aeabi_d2uiz
                0x10003784       0x18 CMakeFiles/main.dir/F_/Pico/pico-sdk/src/rp2_common/pico_double/double_aeabi.S.obj
                0x10003784                __wrap___aeabi_d2uiz
                0x10003784                double2uint
 .text.__aeabi_double_init
                0x1000379c       0xb4 CMakeFiles/main.dir/F_/Pico/pico-sdk/src/rp2_common/pico_double/double_init_rom.c.obj
                0x1000379c                __aeabi_double_init
 .text.double_table_shim_on_use_helper
                0x10003850       0x34 CMakeFiles/main.dir/F_/Pico/pico-sdk/src/rp2_common/pico_double/double_v1_rom_shim.S.obj
                0x10003850                double_table_shim_on_use_helper
 .text.__wrap___aeabi_dsub
                0x10003884       0x10 CMakeFiles/main.dir/F_/Pico/pico-sdk/src/rp2_common/pico_double/double_v1_rom_shim.S.obj
                0x10003884                drsub_shim
                0x1000388a                dsub_shim
 .text.dadd_shim
                0x10003894      0x15c CMakeFiles/main.dir/F_/Pico/pico-sdk/src/rp2_common/pico_double/double_v1_rom_shim.S.obj
                0x10003894                dadd_shim
 .text.dmul_shim
                0x100039f0      0x15c CMakeFiles/main.dir/F_/Pico/pico-sdk/src/rp2_common/pico_double/double_v1_rom_shim.S.obj
                0x100039f0                dmul_shim
 .text.ddiv_shim
                0x10003b4c      0x1b0 CMakeFiles/main.dir/F_/Pico/pico-sdk/src/rp2_common/pico_double/double_v1_rom_shim.S.obj
                0x10003b4c                ddiv_shim
 .text.dcordic_rot_step
                0x10003cfc       0x7c CMakeFiles/main.dir/F_/Pico/pico-sdk/src/rp2_common/pico_double/double_v1_rom_shim.S.obj
                0x10003cfc                dcordic_rot_step
 .text.double2uint_shim
                0x10003d78        0xe CMakeFiles/main.dir/F_/Pico/pico-sdk/src/rp2_common/pico_double/double_v1_rom_shim.S.obj
                0x10003d78                double2uint_shim
                0x10003d7a                double2ufix_shim
 *fill*         0x10003d86        0x2 
 .text.double2uint64_shim
                0x10003d88       0x6c CMakeFiles/main.dir/F_/Pico/pico-sdk/src/rp2_common/pico_double/double_v1_rom_shim.S.obj
                0x10003d88                double2uint64_shim
                0x10003d8a                double2ufix64_shim
                0x10003da4                d2fix_a
 .text.dunpacks
                0x10003df4       0x3c CMakeFiles/main.dir/F_/Pico/pico-sdk/src/rp2_common/pico_double/double_v1_rom_shim.S.obj
                0x10003df4                dunpacks
 .text.__aeabi_lmul
                0x10003e30       0x32 CMakeFiles/main.dir/F_/Pico/pico-sdk/src/rp2_common/pico_int64_ops/pico_int64_ops_aeabi.S.obj
                0x10003e30                __wrap___aeabi_lmul
 *fill*         0x10003e62        0x2 
 .text.__aeabi_float_init
                0x10003e64       0xfc CMakeFiles/main.dir/F_/Pico/pico-sdk/src/rp2_common/pico_float/float_init_rom.c.obj
                0x10003e64                __aeabi_float_init
 .text.float_table_shim_on_use_helper
                0x10003f60       0x34 CMakeFiles/main.dir/F_/Pico/pico-sdk/src/rp2_common/pico_float/float_v1_rom_shim.S.obj
                0x10003f60                float_table_shim_on_use_helper
 .text.__wrap_malloc
                0x10003f94        0x8 CMakeFiles/main.dir/F_/Pico/pico-sdk/src/rp2_common/pico_malloc/pico_malloc.c.obj
                0x10003f94                __wrap_malloc
 .text.__wrap_calloc
                0x10003f9c        0x8 CMakeFiles/main.dir/F_/Pico/pico-sdk/src/rp2_common/pico_malloc/pico_malloc.c.obj
                0x10003f9c                __wrap_calloc
 .text          0x10003fa4       0x10 CMakeFiles/main.dir/F_/Pico/pico-sdk/src/rp2_common/pico_mem_ops/mem_ops_aeabi.S.obj
                0x10003fa4                __aeabi_mem_init
 .text.memset   0x10003fb4        0xc CMakeFiles/main.dir/F_/Pico/pico-sdk/src/rp2_common/pico_mem_ops/mem_ops_aeabi.S.obj
                0x10003fb4                __wrap_memset
 .text.memcpy   0x10003fc0        0xc CMakeFiles/main.dir/F_/Pico/pico-sdk/src/rp2_common/pico_mem_ops/mem_ops_aeabi.S.obj
                0x10003fc0                __wrap_memcpy
                0x10003fc0                __wrap___aeabi_memcpy
 .text.stdio_out_chars_crlf
                0x10003fcc       0x80 CMakeFiles/main.dir/F_/Pico/pico-sdk/src/rp2_common/pico_stdio/stdio.c.obj
 .text.stdio_stack_buffer_flush
                0x1000404c       0x44 CMakeFiles/main.dir/F_/Pico/pico-sdk/src/rp2_common/pico_stdio/stdio.c.obj
 .text.stdio_buffered_printer
                0x10004090       0x20 CMakeFiles/main.dir/F_/Pico/pico-sdk/src/rp2_common/pico_stdio/stdio.c.obj
 .text.stdout_serialize_begin
                0x100040b0       0x2c CMakeFiles/main.dir/F_/Pico/pico-sdk/src/rp2_common/pico_stdio/stdio.c.obj
                0x100040b0                stdout_serialize_begin
 .text.stdout_serialize_end
                0x100040dc       0x10 CMakeFiles/main.dir/F_/Pico/pico-sdk/src/rp2_common/pico_stdio/stdio.c.obj
                0x100040dc                stdout_serialize_end
 .text.stdio_put_string
                0x100040ec       0x84 CMakeFiles/main.dir/F_/Pico/pico-sdk/src/rp2_common/pico_stdio/stdio.c.obj
 .text.stdio_set_driver_enabled
                0x10004170       0x38 CMakeFiles/main.dir/F_/Pico/pico-sdk/src/rp2_common/pico_stdio/stdio.c.obj
                0x10004170                stdio_set_driver_enabled
 .text.stdio_flush
                0x100041a8       0x20 CMakeFiles/main.dir/F_/Pico/pico-sdk/src/rp2_common/pico_stdio/stdio.c.obj
                0x100041a8                stdio_flush
 .text.__wrap_puts
                0x100041c8       0x1c CMakeFiles/main.dir/F_/Pico/pico-sdk/src/rp2_common/pico_stdio/stdio.c.obj
                0x100041c8                __wrap_puts
 .text.__wrap_vprintf
                0x100041e4       0x44 CMakeFiles/main.dir/F_/Pico/pico-sdk/src/rp2_common/pico_stdio/stdio.c.obj
                0x100041e4                __wrap_vprintf
 .text.__wrap_printf
                0x10004228       0x18 CMakeFiles/main.dir/F_/Pico/pico-sdk/src/rp2_common/pico_stdio/stdio.c.obj
                0x10004228                __wrap_printf
 .text.stdio_init_all
                0x10004240        0xc CMakeFiles/main.dir/F_/Pico/pico-sdk/src/rp2_common/pico_stdio/stdio.c.obj
                0x10004240                stdio_init_all
 .text.stdio_uart_out_chars
                0x1000424c       0x6c CMakeFiles/main.dir/F_/Pico/pico-sdk/src/rp2_common/pico_stdio_uart/stdio_uart.c.obj
 .text.stdio_uart_in_chars
                0x100042b8       0x58 CMakeFiles/main.dir/F_/Pico/pico-sdk/src/rp2_common/pico_stdio_uart/stdio_uart.c.obj
                0x100042b8                stdio_uart_in_chars
 .text.stdio_uart_init_full
                0x10004310       0x34 CMakeFiles/main.dir/F_/Pico/pico-sdk/src/rp2_common/pico_stdio_uart/stdio_uart.c.obj
                0x10004310                stdio_uart_init_full
 .text.stdio_uart_init
                0x10004344       0x28 CMakeFiles/main.dir/F_/Pico/pico-sdk/src/rp2_common/pico_stdio_uart/stdio_uart.c.obj
                0x10004344                stdio_uart_init
 .text.stdio_usb_in_chars
                0x1000436c       0x70 CMakeFiles/main.dir/F_/Pico/pico-sdk/src/rp2_common/pico_stdio_usb/stdio_usb.c.obj
                0x1000436c                stdio_usb_in_chars
 .text.low_priority_worker_irq
                0x100043dc       0x20 CMakeFiles/main.dir/F_/Pico/pico-sdk/src/rp2_common/pico_stdio_usb/stdio_usb.c.obj
 .text.stdio_usb_out_chars
                0x100043fc       0xd4 CMakeFiles/main.dir/F_/Pico/pico-sdk/src/rp2_common/pico_stdio_usb/stdio_usb.c.obj
 .text.timer_task
                0x100044d0       0x10 CMakeFiles/main.dir/F_/Pico/pico-sdk/src/rp2_common/pico_stdio_usb/stdio_usb.c.obj
 .text.stdio_usb_init
                0x100044e0       0x8c CMakeFiles/main.dir/F_/Pico/pico-sdk/src/rp2_common/pico_stdio_usb/stdio_usb.c.obj
                0x100044e0                stdio_usb_init
 .text.tud_descriptor_device_cb
                0x1000456c        0x8 CMakeFiles/main.dir/F_/Pico/pico-sdk/src/rp2_common/pico_stdio_usb/stdio_usb_descriptors.c.obj
                0x1000456c                tud_descriptor_device_cb
 .text.tud_descriptor_configuration_cb
                0x10004574        0x8 CMakeFiles/main.dir/F_/Pico/pico-sdk/src/rp2_common/pico_stdio_usb/stdio_usb_descriptors.c.obj
                0x10004574                tud_descriptor_configuration_cb
 .text.tud_descriptor_string_cb
                0x1000457c       0x50 CMakeFiles/main.dir/F_/Pico/pico-sdk/src/rp2_common/pico_stdio_usb/stdio_usb_descriptors.c.obj
                0x1000457c                tud_descriptor_string_cb
 .text.hw_endpoint_get_by_addr
                0x100045cc       0x1c CMakeFiles/main.dir/F_/Pico/pico-sdk/lib/tinyusb/src/portable/raspberrypi/rp2040/dcd_rp2040.c.obj
 .text.reset_ep0
                0x100045e8       0x2c CMakeFiles/main.dir/F_/Pico/pico-sdk/lib/tinyusb/src/portable/raspberrypi/rp2040/dcd_rp2040.c.obj
 .text._hw_endpoint_alloc
                0x10004614       0x7c CMakeFiles/main.dir/F_/Pico/pico-sdk/lib/tinyusb/src/portable/raspberrypi/rp2040/dcd_rp2040.c.obj
 .text._hw_endpoint_init
                0x10004690       0xbc CMakeFiles/main.dir/F_/Pico/pico-sdk/lib/tinyusb/src/portable/raspberrypi/rp2040/dcd_rp2040.c.obj
 .text.hw_endpoint_init
                0x1000474c       0x18 CMakeFiles/main.dir/F_/Pico/pico-sdk/lib/tinyusb/src/portable/raspberrypi/rp2040/dcd_rp2040.c.obj
 .text.hw_handle_buff_status
                0x10004764       0xbc CMakeFiles/main.dir/F_/Pico/pico-sdk/lib/tinyusb/src/portable/raspberrypi/rp2040/dcd_rp2040.c.obj
 .text.dcd_rp2040_irq
                0x10004820       0x8c CMakeFiles/main.dir/F_/Pico/pico-sdk/lib/tinyusb/src/portable/raspberrypi/rp2040/dcd_rp2040.c.obj
 .text.hw_endpoint_xfer
                0x100048ac       0x18 CMakeFiles/main.dir/F_/Pico/pico-sdk/lib/tinyusb/src/portable/raspberrypi/rp2040/dcd_rp2040.c.obj
 .text.ep0_0len_status
                0x100048c4       0x14 CMakeFiles/main.dir/F_/Pico/pico-sdk/lib/tinyusb/src/portable/raspberrypi/rp2040/dcd_rp2040.c.obj
 .text._hw_endpoint_stall
                0x100048d8       0x54 CMakeFiles/main.dir/F_/Pico/pico-sdk/lib/tinyusb/src/portable/raspberrypi/rp2040/dcd_rp2040.c.obj
 .text.hw_endpoint_stall
                0x1000492c        0xc CMakeFiles/main.dir/F_/Pico/pico-sdk/lib/tinyusb/src/portable/raspberrypi/rp2040/dcd_rp2040.c.obj
 .text._hw_endpoint_clear_stall
                0x10004938       0x34 CMakeFiles/main.dir/F_/Pico/pico-sdk/lib/tinyusb/src/portable/raspberrypi/rp2040/dcd_rp2040.c.obj
 .text.hw_endpoint_clear_stall
                0x1000496c        0xc CMakeFiles/main.dir/F_/Pico/pico-sdk/lib/tinyusb/src/portable/raspberrypi/rp2040/dcd_rp2040.c.obj
 .text.dcd_int_enable
                0x10004978       0x2c CMakeFiles/main.dir/F_/Pico/pico-sdk/lib/tinyusb/src/portable/raspberrypi/rp2040/dcd_rp2040.c.obj
                0x10004978                dcd_int_enable
 .text.dcd_set_address
                0x100049a4       0x30 CMakeFiles/main.dir/F_/Pico/pico-sdk/lib/tinyusb/src/portable/raspberrypi/rp2040/dcd_rp2040.c.obj
                0x100049a4                dcd_set_address
 .text.dcd_connect
                0x100049d4       0x30 CMakeFiles/main.dir/F_/Pico/pico-sdk/lib/tinyusb/src/portable/raspberrypi/rp2040/dcd_rp2040.c.obj
                0x100049d4                dcd_connect
 .text.dcd_init
                0x10004a04       0x90 CMakeFiles/main.dir/F_/Pico/pico-sdk/lib/tinyusb/src/portable/raspberrypi/rp2040/dcd_rp2040.c.obj
                0x10004a04                dcd_init
 .text.dcd_edpt0_status_complete
                0x10004a94       0x44 CMakeFiles/main.dir/F_/Pico/pico-sdk/lib/tinyusb/src/portable/raspberrypi/rp2040/dcd_rp2040.c.obj
                0x10004a94                dcd_edpt0_status_complete
 .text.dcd_edpt_open
                0x10004ad8       0x40 CMakeFiles/main.dir/F_/Pico/pico-sdk/lib/tinyusb/src/portable/raspberrypi/rp2040/dcd_rp2040.c.obj
                0x10004ad8                dcd_edpt_open
 .text.dcd_edpt_xfer
                0x10004b18       0x34 CMakeFiles/main.dir/F_/Pico/pico-sdk/lib/tinyusb/src/portable/raspberrypi/rp2040/dcd_rp2040.c.obj
                0x10004b18                dcd_edpt_xfer
 .text.dcd_edpt_stall
                0x10004b4c       0x28 CMakeFiles/main.dir/F_/Pico/pico-sdk/lib/tinyusb/src/portable/raspberrypi/rp2040/dcd_rp2040.c.obj
                0x10004b4c                dcd_edpt_stall
 .text.dcd_edpt_clear_stall
                0x10004b74       0x28 CMakeFiles/main.dir/F_/Pico/pico-sdk/lib/tinyusb/src/portable/raspberrypi/rp2040/dcd_rp2040.c.obj
                0x10004b74                dcd_edpt_clear_stall
 .text.rp2040_usb_init
                0x10004b9c       0x50 CMakeFiles/main.dir/F_/Pico/pico-sdk/lib/tinyusb/src/portable/raspberrypi/rp2040/rp2040_usb.c.obj
                0x10004b9c                rp2040_usb_init
 .text.hw_endpoint_reset_transfer
                0x10004bec       0x14 CMakeFiles/main.dir/F_/Pico/pico-sdk/lib/tinyusb/src/portable/raspberrypi/rp2040/rp2040_usb.c.obj
                0x10004bec                hw_endpoint_reset_transfer
 .text._hw_endpoint_buffer_control_update32
                0x10004c00       0x54 CMakeFiles/main.dir/F_/Pico/pico-sdk/lib/tinyusb/src/portable/raspberrypi/rp2040/rp2040_usb.c.obj
                0x10004c00                _hw_endpoint_buffer_control_update32
 .text._hw_endpoint_start_next_buffer
                0x10004c54       0x5a CMakeFiles/main.dir/F_/Pico/pico-sdk/lib/tinyusb/src/portable/raspberrypi/rp2040/rp2040_usb.c.obj
                0x10004c54                _hw_endpoint_start_next_buffer
 .text._hw_endpoint_xfer_start
                0x10004cae       0x46 CMakeFiles/main.dir/F_/Pico/pico-sdk/lib/tinyusb/src/portable/raspberrypi/rp2040/rp2040_usb.c.obj
                0x10004cae                _hw_endpoint_xfer_start
 .text._hw_endpoint_xfer_sync
                0x10004cf4       0x74 CMakeFiles/main.dir/F_/Pico/pico-sdk/lib/tinyusb/src/portable/raspberrypi/rp2040/rp2040_usb.c.obj
                0x10004cf4                _hw_endpoint_xfer_sync
 .text._hw_endpoint_xfer_continue
                0x10004d68       0x58 CMakeFiles/main.dir/F_/Pico/pico-sdk/lib/tinyusb/src/portable/raspberrypi/rp2040/rp2040_usb.c.obj
                0x10004d68                _hw_endpoint_xfer_continue
 .text._hw_endpoint_xfer
                0x10004dc0       0x34 CMakeFiles/main.dir/F_/Pico/pico-sdk/lib/tinyusb/src/portable/raspberrypi/rp2040/rp2040_usb.c.obj
                0x10004dc0                _hw_endpoint_xfer
 .text.mark_interface_endpoint
                0x10004df4       0x2a CMakeFiles/main.dir/F_/Pico/pico-sdk/lib/tinyusb/src/device/usbd.c.obj
 *fill*         0x10004e1e        0x2 
 .text.usbd_reset
                0x10004e20       0x88 CMakeFiles/main.dir/F_/Pico/pico-sdk/lib/tinyusb/src/device/usbd.c.obj
 .text.invoke_class_control
                0x10004ea8       0x18 CMakeFiles/main.dir/F_/Pico/pico-sdk/lib/tinyusb/src/device/usbd.c.obj
 .text.process_set_config
                0x10004ec0      0x1cc CMakeFiles/main.dir/F_/Pico/pico-sdk/lib/tinyusb/src/device/usbd.c.obj
 .text.process_get_descriptor
                0x1000508c       0xf4 CMakeFiles/main.dir/F_/Pico/pico-sdk/lib/tinyusb/src/device/usbd.c.obj
 .text.tud_mounted
                0x10005180       0x10 CMakeFiles/main.dir/F_/Pico/pico-sdk/lib/tinyusb/src/device/usbd.c.obj
                0x10005180                tud_mounted
 .text.tud_suspended
                0x10005190       0x10 CMakeFiles/main.dir/F_/Pico/pico-sdk/lib/tinyusb/src/device/usbd.c.obj
                0x10005190                tud_suspended
 .text.tud_init
                0x100051a0       0xb8 CMakeFiles/main.dir/F_/Pico/pico-sdk/lib/tinyusb/src/device/usbd.c.obj
                0x100051a0                tud_init
 .text.dcd_event_handler
                0x10005258      0x1c4 CMakeFiles/main.dir/F_/Pico/pico-sdk/lib/tinyusb/src/device/usbd.c.obj
                0x10005258                dcd_event_handler
 .text.dcd_event_bus_signal
                0x1000541c       0x26 CMakeFiles/main.dir/F_/Pico/pico-sdk/lib/tinyusb/src/device/usbd.c.obj
                0x1000541c                dcd_event_bus_signal
 .text.dcd_event_setup_received
                0x10005442       0x34 CMakeFiles/main.dir/F_/Pico/pico-sdk/lib/tinyusb/src/device/usbd.c.obj
                0x10005442                dcd_event_setup_received
 .text.dcd_event_xfer_complete
                0x10005476       0x44 CMakeFiles/main.dir/F_/Pico/pico-sdk/lib/tinyusb/src/device/usbd.c.obj
                0x10005476                dcd_event_xfer_complete
 .text.usbd_edpt_open
                0x100054ba        0x8 CMakeFiles/main.dir/F_/Pico/pico-sdk/lib/tinyusb/src/device/usbd.c.obj
                0x100054ba                usbd_edpt_open
 *fill*         0x100054c2        0x2 
 .text.usbd_open_edpt_pair
                0x100054c4       0x8c CMakeFiles/main.dir/F_/Pico/pico-sdk/lib/tinyusb/src/device/usbd.c.obj
                0x100054c4                usbd_open_edpt_pair
 .text.usbd_edpt_claim
                0x10005550       0x8c CMakeFiles/main.dir/F_/Pico/pico-sdk/lib/tinyusb/src/device/usbd.c.obj
                0x10005550                usbd_edpt_claim
 .text.usbd_edpt_release
                0x100055dc       0x68 CMakeFiles/main.dir/F_/Pico/pico-sdk/lib/tinyusb/src/device/usbd.c.obj
                0x100055dc                usbd_edpt_release
 .text.usbd_edpt_xfer
                0x10005644       0x80 CMakeFiles/main.dir/F_/Pico/pico-sdk/lib/tinyusb/src/device/usbd.c.obj
                0x10005644                usbd_edpt_xfer
 .text.usbd_edpt_stall
                0x100056c4       0x2c CMakeFiles/main.dir/F_/Pico/pico-sdk/lib/tinyusb/src/device/usbd.c.obj
                0x100056c4                usbd_edpt_stall
 .text.usbd_edpt_clear_stall
                0x100056f0       0x2c CMakeFiles/main.dir/F_/Pico/pico-sdk/lib/tinyusb/src/device/usbd.c.obj
                0x100056f0                usbd_edpt_clear_stall
 .text.usbd_edpt_stalled
                0x1000571c       0x1c CMakeFiles/main.dir/F_/Pico/pico-sdk/lib/tinyusb/src/device/usbd.c.obj
                0x1000571c                usbd_edpt_stalled
 .text.process_control_request
                0x10005738      0x37c CMakeFiles/main.dir/F_/Pico/pico-sdk/lib/tinyusb/src/device/usbd.c.obj
 .text.tud_task
                0x10005ab4      0x204 CMakeFiles/main.dir/F_/Pico/pico-sdk/lib/tinyusb/src/device/usbd.c.obj
                0x10005ab4                tud_task
 .text._data_stage_xact
                0x10005cb8       0x58 CMakeFiles/main.dir/F_/Pico/pico-sdk/lib/tinyusb/src/device/usbd_control.c.obj
 .text.tud_control_status
                0x10005d10       0x38 CMakeFiles/main.dir/F_/Pico/pico-sdk/lib/tinyusb/src/device/usbd_control.c.obj
                0x10005d10                tud_control_status
 .text.tud_control_xfer
                0x10005d48       0xa8 CMakeFiles/main.dir/F_/Pico/pico-sdk/lib/tinyusb/src/device/usbd_control.c.obj
                0x10005d48                tud_control_xfer
 .text.usbd_control_reset
                0x10005df0       0x14 CMakeFiles/main.dir/F_/Pico/pico-sdk/lib/tinyusb/src/device/usbd_control.c.obj
                0x10005df0                usbd_control_reset
 .text.usbd_control_set_complete_callback
                0x10005e04        0xc CMakeFiles/main.dir/F_/Pico/pico-sdk/lib/tinyusb/src/device/usbd_control.c.obj
                0x10005e04                usbd_control_set_complete_callback
 .text.usbd_control_set_request
                0x10005e10       0x1c CMakeFiles/main.dir/F_/Pico/pico-sdk/lib/tinyusb/src/device/usbd_control.c.obj
                0x10005e10                usbd_control_set_request
 .text.usbd_control_xfer_cb
                0x10005e2c       0xe8 CMakeFiles/main.dir/F_/Pico/pico-sdk/lib/tinyusb/src/device/usbd_control.c.obj
                0x10005e2c                usbd_control_xfer_cb
 .text._prep_out_transaction
                0x10005f14       0x46 CMakeFiles/main.dir/F_/Pico/pico-sdk/lib/tinyusb/src/class/cdc/cdc_device.c.obj
 *fill*         0x10005f5a        0x2 
 .text.tud_cdc_n_connected
                0x10005f5c       0x48 CMakeFiles/main.dir/F_/Pico/pico-sdk/lib/tinyusb/src/class/cdc/cdc_device.c.obj
                0x10005f5c                tud_cdc_n_connected
 .text.tud_cdc_n_available
                0x10005fa4       0x20 CMakeFiles/main.dir/F_/Pico/pico-sdk/lib/tinyusb/src/class/cdc/cdc_device.c.obj
                0x10005fa4                tud_cdc_n_available
 .text.tud_cdc_n_read
                0x10005fc4       0x30 CMakeFiles/main.dir/F_/Pico/pico-sdk/lib/tinyusb/src/class/cdc/cdc_device.c.obj
                0x10005fc4                tud_cdc_n_read
 .text.tud_cdc_n_write_flush
                0x10005ff4       0xc4 CMakeFiles/main.dir/F_/Pico/pico-sdk/lib/tinyusb/src/class/cdc/cdc_device.c.obj
                0x10005ff4                tud_cdc_n_write_flush
 .text.tud_cdc_n_write
                0x100060b8       0x38 CMakeFiles/main.dir/F_/Pico/pico-sdk/lib/tinyusb/src/class/cdc/cdc_device.c.obj
                0x100060b8                tud_cdc_n_write
 .text.tud_cdc_n_write_available
                0x100060f0       0x20 CMakeFiles/main.dir/F_/Pico/pico-sdk/lib/tinyusb/src/class/cdc/cdc_device.c.obj
                0x100060f0                tud_cdc_n_write_available
 .text.cdcd_init
                0x10006110       0xe0 CMakeFiles/main.dir/F_/Pico/pico-sdk/lib/tinyusb/src/class/cdc/cdc_device.c.obj
                0x10006110                cdcd_init
 .text.cdcd_reset
                0x100061f0       0x44 CMakeFiles/main.dir/F_/Pico/pico-sdk/lib/tinyusb/src/class/cdc/cdc_device.c.obj
                0x100061f0                cdcd_reset
 .text.cdcd_open
                0x10006234      0x118 CMakeFiles/main.dir/F_/Pico/pico-sdk/lib/tinyusb/src/class/cdc/cdc_device.c.obj
                0x10006234                cdcd_open
 .text.cdcd_control_complete
                0x1000634c       0x60 CMakeFiles/main.dir/F_/Pico/pico-sdk/lib/tinyusb/src/class/cdc/cdc_device.c.obj
                0x1000634c                cdcd_control_complete
 .text.cdcd_control_request
                0x100063ac       0x9c CMakeFiles/main.dir/F_/Pico/pico-sdk/lib/tinyusb/src/class/cdc/cdc_device.c.obj
                0x100063ac                cdcd_control_request
 .text.cdcd_xfer_cb
                0x10006448      0x134 CMakeFiles/main.dir/F_/Pico/pico-sdk/lib/tinyusb/src/class/cdc/cdc_device.c.obj
                0x10006448                cdcd_xfer_cb
 .text.tusb_init
                0x1000657c       0x38 CMakeFiles/main.dir/F_/Pico/pico-sdk/lib/tinyusb/src/tusb.c.obj
                0x1000657c                tusb_init
 .text.tusb_inited
                0x100065b4        0xc CMakeFiles/main.dir/F_/Pico/pico-sdk/lib/tinyusb/src/tusb.c.obj
                0x100065b4                tusb_inited
 .text.advance_pointer
                0x100065c0       0x1e CMakeFiles/main.dir/F_/Pico/pico-sdk/lib/tinyusb/src/common/tusb_fifo.c.obj
 .text.backward_pointer
                0x100065de       0x1a CMakeFiles/main.dir/F_/Pico/pico-sdk/lib/tinyusb/src/common/tusb_fifo.c.obj
 .text.get_relative_pointer
                0x100065f8       0x16 CMakeFiles/main.dir/F_/Pico/pico-sdk/lib/tinyusb/src/common/tusb_fifo.c.obj
 .text.tu_fifo_lock
                0x1000660e       0x12 CMakeFiles/main.dir/F_/Pico/pico-sdk/lib/tinyusb/src/common/tusb_fifo.c.obj
 .text.tu_fifo_unlock
                0x10006620        0xe CMakeFiles/main.dir/F_/Pico/pico-sdk/lib/tinyusb/src/common/tusb_fifo.c.obj
 .text._tu_fifo_peek_at
                0x1000662e       0x66 CMakeFiles/main.dir/F_/Pico/pico-sdk/lib/tinyusb/src/common/tusb_fifo.c.obj
 .text._ff_pull_n
                0x10006694       0x4a CMakeFiles/main.dir/F_/Pico/pico-sdk/lib/tinyusb/src/common/tusb_fifo.c.obj
 .text._tu_fifo_peek_at_n
                0x100066de       0x72 CMakeFiles/main.dir/F_/Pico/pico-sdk/lib/tinyusb/src/common/tusb_fifo.c.obj
 .text._ff_push_n
                0x10006750       0x4a CMakeFiles/main.dir/F_/Pico/pico-sdk/lib/tinyusb/src/common/tusb_fifo.c.obj
 .text.tu_fifo_config
                0x1000679a       0x48 CMakeFiles/main.dir/F_/Pico/pico-sdk/lib/tinyusb/src/common/tusb_fifo.c.obj
                0x1000679a                tu_fifo_config
 .text.tu_fifo_count
                0x100067e2       0x1c CMakeFiles/main.dir/F_/Pico/pico-sdk/lib/tinyusb/src/common/tusb_fifo.c.obj
                0x100067e2                tu_fifo_count
 .text.tu_fifo_remaining
                0x100067fe       0x20 CMakeFiles/main.dir/F_/Pico/pico-sdk/lib/tinyusb/src/common/tusb_fifo.c.obj
                0x100067fe                tu_fifo_remaining
 .text.tu_fifo_read
                0x1000681e       0x3a CMakeFiles/main.dir/F_/Pico/pico-sdk/lib/tinyusb/src/common/tusb_fifo.c.obj
                0x1000681e                tu_fifo_read
 .text.tu_fifo_read_n
                0x10006858       0x3e CMakeFiles/main.dir/F_/Pico/pico-sdk/lib/tinyusb/src/common/tusb_fifo.c.obj
                0x10006858                tu_fifo_read_n
 .text.tu_fifo_write
                0x10006896       0x5c CMakeFiles/main.dir/F_/Pico/pico-sdk/lib/tinyusb/src/common/tusb_fifo.c.obj
                0x10006896                tu_fifo_write
 .text.tu_fifo_write_n
                0x100068f2       0x7c CMakeFiles/main.dir/F_/Pico/pico-sdk/lib/tinyusb/src/common/tusb_fifo.c.obj
                0x100068f2                tu_fifo_write_n
 .text.tu_fifo_clear
                0x1000696e       0x18 CMakeFiles/main.dir/F_/Pico/pico-sdk/lib/tinyusb/src/common/tusb_fifo.c.obj
                0x1000696e                tu_fifo_clear
 .text.spi_set_baudrate
                0x10006986       0x94 CMakeFiles/main.dir/F_/Pico/pico-sdk/src/rp2_common/hardware_spi/spi.c.obj
                0x10006986                spi_set_baudrate
 *fill*         0x10006a1a        0x2 
 .text.spi_init
                0x10006a1c       0x6c CMakeFiles/main.dir/F_/Pico/pico-sdk/src/rp2_common/hardware_spi/spi.c.obj
                0x10006a1c                spi_init
 .text.LED_8SEG_test
                0x10006a88        0xc examples\libexamples.a(Pico-8SEG-LED-test.c.obj)
                0x10006a88                LED_8SEG_test
 .text.LED_8SEG_SendCommand
                0x10006a94       0x38 lib\LED_8SEG\libLED_8SEG.a(LED_8SEG.c.obj)
                0x10006a94                LED_8SEG_SendCommand
 .text.LED_8SEG_stopwatch
                0x10006acc       0xa0 lib\LED_8SEG\libLED_8SEG.a(LED_8SEG.c.obj)
                0x10006acc                LED_8SEG_stopwatch
 .text.DEV_Digital_Write
                0x10006b6c       0x18 lib\Config\libConfig.a(DEV_Config.c.obj)
                0x10006b6c                DEV_Digital_Write
 .text.DEV_SPI_WriteByte
                0x10006b84       0x1c lib\Config\libConfig.a(DEV_Config.c.obj)
                0x10006b84                DEV_SPI_WriteByte
 .text.DEV_GPIO_Mode
                0x10006ba0       0x26 lib\Config\libConfig.a(DEV_Config.c.obj)
                0x10006ba0                DEV_GPIO_Mode
 .text.DEV_Delay_ms
                0x10006bc6        0x8 lib\Config\libConfig.a(DEV_Config.c.obj)
                0x10006bc6                DEV_Delay_ms
 .text.DEV_Delay_us
                0x10006bce        0xa lib\Config\libConfig.a(DEV_Config.c.obj)
                0x10006bce                DEV_Delay_us
 .text.DEV_GPIO_Init
                0x10006bd8       0x1c lib\Config\libConfig.a(DEV_Config.c.obj)
                0x10006bd8                DEV_GPIO_Init
 .text.DEV_Module_Init
                0x10006bf4       0x58 lib\Config\libConfig.a(DEV_Config.c.obj)
                0x10006bf4                DEV_Module_Init
 .text.calloc   0x10006c4c       0x18 f:/program files (x86)/gnu tools arm embedded/9 2019-q4-major/bin/../lib/gcc/arm-none-eabi/9.2.1/../../../../arm-none-eabi/lib/thumb/v6-m/nofp\libg.a(lib_a-calloc.o)
                0x10006c4c                calloc
 .text._calloc_r
                0x10006c64       0x5c f:/program files (x86)/gnu tools arm embedded/9 2019-q4-major/bin/../lib/gcc/arm-none-eabi/9.2.1/../../../../arm-none-eabi/lib/thumb/v6-m/nofp\libg.a(lib_a-callocr.o)
                0x10006c64                _calloc_r
 .text.malloc   0x10006cc0       0x14 f:/program files (x86)/gnu tools arm embedded/9 2019-q4-major/bin/../lib/gcc/arm-none-eabi/9.2.1/../../../../arm-none-eabi/lib/thumb/v6-m/nofp\libg.a(lib_a-malloc.o)
                0x10006cc0                malloc
 .text._malloc_r
                0x10006cd4      0x580 f:/program files (x86)/gnu tools arm embedded/9 2019-q4-major/bin/../lib/gcc/arm-none-eabi/9.2.1/../../../../arm-none-eabi/lib/thumb/v6-m/nofp\libg.a(lib_a-mallocr.o)
                0x10006cd4                _malloc_r
 .text.__malloc_lock
                0x10007254       0x10 f:/program files (x86)/gnu tools arm embedded/9 2019-q4-major/bin/../lib/gcc/arm-none-eabi/9.2.1/../../../../arm-none-eabi/lib/thumb/v6-m/nofp\libg.a(lib_a-mlock.o)
                0x10007254                __malloc_lock
 .text.__malloc_unlock
                0x10007264       0x10 f:/program files (x86)/gnu tools arm embedded/9 2019-q4-major/bin/../lib/gcc/arm-none-eabi/9.2.1/../../../../arm-none-eabi/lib/thumb/v6-m/nofp\libg.a(lib_a-mlock.o)
                0x10007264                __malloc_unlock
 .text._sbrk_r  0x10007274       0x24 f:/program files (x86)/gnu tools arm embedded/9 2019-q4-major/bin/../lib/gcc/arm-none-eabi/9.2.1/../../../../arm-none-eabi/lib/thumb/v6-m/nofp\libg.a(lib_a-sbrkr.o)
                0x10007274                _sbrk_r
 .text.strlen   0x10007298       0x5c f:/program files (x86)/gnu tools arm embedded/9 2019-q4-major/bin/../lib/gcc/arm-none-eabi/9.2.1/../../../../arm-none-eabi/lib/thumb/v6-m/nofp\libg.a(lib_a-strlen-stub.o)
                0x10007298                strlen
 .text._malloc_trim_r
                0x100072f4       0x9c f:/program files (x86)/gnu tools arm embedded/9 2019-q4-major/bin/../lib/gcc/arm-none-eabi/9.2.1/../../../../arm-none-eabi/lib/thumb/v6-m/nofp\libg.a(lib_a-freer.o)
                0x100072f4                _malloc_trim_r
 .text._free_r  0x10007390      0x1c4 f:/program files (x86)/gnu tools arm embedded/9 2019-q4-major/bin/../lib/gcc/arm-none-eabi/9.2.1/../../../../arm-none-eabi/lib/thumb/v6-m/nofp\libg.a(lib_a-freer.o)
                0x10007390                _free_r
 .text.__retarget_lock_acquire_recursive
                0x10007554        0x4 f:/program files (x86)/gnu tools arm embedded/9 2019-q4-major/bin/../lib/gcc/arm-none-eabi/9.2.1/../../../../arm-none-eabi/lib/thumb/v6-m/nofp\libg.a(lib_a-lock.o)
                0x10007554                __retarget_lock_acquire_recursive
 .text.__retarget_lock_release_recursive
                0x10007558        0x4 f:/program files (x86)/gnu tools arm embedded/9 2019-q4-major/bin/../lib/gcc/arm-none-eabi/9.2.1/../../../../arm-none-eabi/lib/thumb/v6-m/nofp\libg.a(lib_a-lock.o)
                0x10007558                __retarget_lock_release_recursive
 *(.fini)
 .fini          0x1000755c        0x4 f:/program files (x86)/gnu tools arm embedded/9 2019-q4-major/bin/../lib/gcc/arm-none-eabi/9.2.1/thumb/v6-m/nofp/crti.o
                0x1000755c                _fini
 .fini.__stub   0x10007560       0x70 linker stubs
 *crtbegin.o(.ctors)
 *crtbegin?.o(.ctors)
 *(EXCLUDE_FILE(*crtend.o *crtend?.o) .ctors)
 *(SORT_BY_NAME(.ctors.*))
 *(.ctors)
 *crtbegin.o(.dtors)
 *crtbegin?.o(.dtors)
 *(EXCLUDE_FILE(*crtend.o *crtend?.o) .dtors)
 *(SORT_BY_NAME(.dtors.*))
 *(.dtors)
 *(.eh_frame*)
 .eh_frame      0x100075d0        0x0 f:/program files (x86)/gnu tools arm embedded/9 2019-q4-major/bin/../lib/gcc/arm-none-eabi/9.2.1/thumb/v6-m/nofp/crtbegin.o
                0x100075d0                . = ALIGN (0x4)

.glue_7         0x100075d0        0x0
 .glue_7        0x100075d0        0x0 linker stubs

.glue_7t        0x100075d0        0x0
 .glue_7t       0x100075d0        0x0 linker stubs

.vfp11_veneer   0x100075d0        0x0
 .vfp11_veneer  0x100075d0        0x0 linker stubs

.v4_bx          0x100075d0        0x0
 .v4_bx         0x100075d0        0x0 linker stubs

.iplt           0x100075d0        0x0
 .iplt          0x100075d0        0x0 f:/program files (x86)/gnu tools arm embedded/9 2019-q4-major/bin/../lib/gcc/arm-none-eabi/9.2.1/thumb/v6-m/nofp/crtbegin.o

.rodata         0x100075d0     0x1318
 *(EXCLUDE_FILE(*libm.a: *libc.a:*lib_a-mem*.o *libgcc.a:) .rodata*)
 .rodata.spin_lock_claim_unused.str1.4
                0x100075d0       0x1b CMakeFiles/main.dir/F_/Pico/pico-sdk/src/rp2_common/hardware_sync/sync.c.obj
 *fill*         0x100075eb        0x1 
 .rodata.alarm_pool_dump_key.str1.4
                0x100075ec       0x63 CMakeFiles/main.dir/F_/Pico/pico-sdk/src/common/pico_time/time.c.obj
 *fill*         0x1000764f        0x1 
 .rodata.ph_add_child_node.str1.4
                0x10007650       0x8a CMakeFiles/main.dir/F_/Pico/pico-sdk/src/common/pico_time/time.c.obj
 *fill*         0x100076da        0x2 
 .rodata.add_alarm_under_lock.str1.4
                0x100076dc       0x27 CMakeFiles/main.dir/F_/Pico/pico-sdk/src/common/pico_time/time.c.obj
 *fill*         0x10007703        0x1 
 .rodata.alarm_pool_alarm_callback.str1.4
                0x10007704       0x7d CMakeFiles/main.dir/F_/Pico/pico-sdk/src/common/pico_time/time.c.obj
 *fill*         0x10007781        0x3 
 .rodata.alarm_pool_get_default.str1.4
                0x10007784       0x13 CMakeFiles/main.dir/F_/Pico/pico-sdk/src/common/pico_time/time.c.obj
 *fill*         0x10007797        0x1 
 .rodata.alarm_pool_cancel_alarm.str1.4
                0x10007798       0x27 CMakeFiles/main.dir/F_/Pico/pico-sdk/src/common/pico_time/time.c.obj
 *fill*         0x100077bf        0x1 
 .rodata.__func__.5924
                0x100077c0        0xc CMakeFiles/main.dir/F_/Pico/pico-sdk/src/common/pico_time/time.c.obj
 .rodata.__func__.5931
                0x100077cc       0x12 CMakeFiles/main.dir/F_/Pico/pico-sdk/src/common/pico_time/time.c.obj
 *fill*         0x100077de        0x2 
 .rodata.__func__.5946
                0x100077e0        0xa CMakeFiles/main.dir/F_/Pico/pico-sdk/src/common/pico_time/time.c.obj
 *fill*         0x100077ea        0x2 
 .rodata.__func__.5968
                0x100077ec       0x14 CMakeFiles/main.dir/F_/Pico/pico-sdk/src/common/pico_time/time.c.obj
 .rodata.__func__.6238
                0x10007800       0x17 CMakeFiles/main.dir/F_/Pico/pico-sdk/src/common/pico_time/time.c.obj
 *fill*         0x10007817        0x1 
 .rodata.__func__.6243
                0x10007818        0xa CMakeFiles/main.dir/F_/Pico/pico-sdk/src/common/pico_time/time.c.obj
 *fill*         0x10007822        0x2 
 .rodata.__func__.6248
                0x10007824       0x12 CMakeFiles/main.dir/F_/Pico/pico-sdk/src/common/pico_time/time.c.obj
 *fill*         0x10007836        0x2 
 .rodata.__func__.6269
                0x10007838       0x15 CMakeFiles/main.dir/F_/Pico/pico-sdk/src/common/pico_time/time.c.obj
 *fill*         0x1000784d        0x3 
 .rodata.__func__.6286
                0x10007850       0x1a CMakeFiles/main.dir/F_/Pico/pico-sdk/src/common/pico_time/time.c.obj
 *fill*         0x1000786a        0x2 
 .rodata.__func__.6321
                0x1000786c       0x18 CMakeFiles/main.dir/F_/Pico/pico-sdk/src/common/pico_time/time.c.obj
 .rodata.hardware_alarm_claim.str1.4
                0x10007884       0x22 CMakeFiles/main.dir/F_/Pico/pico-sdk/src/rp2_common/hardware_timer/timer.c.obj
 *fill*         0x100078a6        0x2 
 .rodata.hardware_alarm_set_target.str1.4
                0x100078a8       0x5b CMakeFiles/main.dir/F_/Pico/pico-sdk/src/rp2_common/hardware_timer/timer.c.obj
 *fill*         0x10007903        0x1 
 .rodata.__func__.4504
                0x10007904       0x1a CMakeFiles/main.dir/F_/Pico/pico-sdk/src/rp2_common/hardware_timer/timer.c.obj
 *fill*         0x1000791e        0x2 
 .rodata.lock_init.str1.4
                0x10007920       0x5e CMakeFiles/main.dir/F_/Pico/pico-sdk/src/common/pico_sync/lock_core.c.obj
 *fill*         0x1000797e        0x2 
 .rodata.__func__.4346
                0x10007980        0xa CMakeFiles/main.dir/F_/Pico/pico-sdk/src/common/pico_sync/lock_core.c.obj
 *fill*         0x1000798a        0x2 
 .rodata.str1.4
                0x1000798c       0x54 CMakeFiles/main.dir/F_/Pico/pico-sdk/src/common/pico_sync/mutex.c.obj
 .rodata.__func__.4561
                0x100079e0       0x15 CMakeFiles/main.dir/F_/Pico/pico-sdk/src/common/pico_sync/mutex.c.obj
 *fill*         0x100079f5        0x3 
 .rodata.__func__.4580
                0x100079f8       0x18 CMakeFiles/main.dir/F_/Pico/pico-sdk/src/common/pico_sync/mutex.c.obj
 .rodata.__func__.4589
                0x10007a10        0xb CMakeFiles/main.dir/F_/Pico/pico-sdk/src/common/pico_sync/mutex.c.obj
 .rodata.ph_add_child_node.str1.4
                0x10007a1b       0x8a CMakeFiles/main.dir/F_/Pico/pico-sdk/src/common/pico_util/pheap.c.obj
 *fill*         0x10007a1b        0x1 
 .rodata.ph_remove_any_head.str1.4
                0x10007a1c       0x84 CMakeFiles/main.dir/F_/Pico/pico-sdk/src/common/pico_util/pheap.c.obj
 .rodata.ph_delete.str1.4
                0x10007aa0       0x26 CMakeFiles/main.dir/F_/Pico/pico-sdk/src/common/pico_util/pheap.c.obj
 *fill*         0x10007ac6        0x2 
 .rodata.__func__.5705
                0x10007ac8        0xc CMakeFiles/main.dir/F_/Pico/pico-sdk/src/common/pico_util/pheap.c.obj
 .rodata.__func__.5712
                0x10007ad4       0x12 CMakeFiles/main.dir/F_/Pico/pico-sdk/src/common/pico_util/pheap.c.obj
 *fill*         0x10007ae6        0x2 
 .rodata.__func__.5785
                0x10007ae8       0x13 CMakeFiles/main.dir/F_/Pico/pico-sdk/src/common/pico_util/pheap.c.obj
 *fill*         0x10007afb        0x1 
 .rodata.__func__.5803
                0x10007afc        0xa CMakeFiles/main.dir/F_/Pico/pico-sdk/src/common/pico_util/pheap.c.obj
 *fill*         0x10007b06        0x2 
 .rodata.__assert_func.str1.4
                0x10007b08       0x3f CMakeFiles/main.dir/F_/Pico/pico-sdk/src/rp2_common/pico_runtime/runtime.c.obj
                                 0x43 (size before relaxing)
 *fill*         0x10007b47        0x1 
 .rodata.panic.str1.4
                0x10007b48       0x12 CMakeFiles/main.dir/F_/Pico/pico-sdk/src/rp2_common/pico_runtime/runtime.c.obj
 *fill*         0x10007b5a        0x2 
 .rodata.clock_configure.str1.4
                0x10007b5c       0x4d CMakeFiles/main.dir/F_/Pico/pico-sdk/src/rp2_common/hardware_clocks/clocks.c.obj
 *fill*         0x10007ba9        0x3 
 .rodata.__func__.4640
                0x10007bac       0x10 CMakeFiles/main.dir/F_/Pico/pico-sdk/src/rp2_common/hardware_clocks/clocks.c.obj
 .rodata.pll_init.str1.4
                0x10007bbc       0xcf CMakeFiles/main.dir/F_/Pico/pico-sdk/src/rp2_common/hardware_pll/pll.c.obj
 *fill*         0x10007c8b        0x1 
 .rodata.__func__.4374
                0x10007c8c        0x9 CMakeFiles/main.dir/F_/Pico/pico-sdk/src/rp2_common/hardware_pll/pll.c.obj
 *fill*         0x10007c95        0x3 
 .rodata.make_branch.str1.4
                0x10007c98       0x43 CMakeFiles/main.dir/F_/Pico/pico-sdk/src/rp2_common/hardware_irq/irq.c.obj
 *fill*         0x10007cdb        0x1 
 .rodata.irq_set_exclusive_handler.str1.4
                0x10007cdc       0x36 CMakeFiles/main.dir/F_/Pico/pico-sdk/src/rp2_common/hardware_irq/irq.c.obj
 *fill*         0x10007d12        0x2 
 .rodata.irq_add_shared_handler.str1.4
                0x10007d14       0xd9 CMakeFiles/main.dir/F_/Pico/pico-sdk/src/rp2_common/hardware_irq/irq.c.obj
 *fill*         0x10007ded        0x3 
 .rodata.irq_remove_handler.str1.4
                0x10007df0       0x2a CMakeFiles/main.dir/F_/Pico/pico-sdk/src/rp2_common/hardware_irq/irq.c.obj
 *fill*         0x10007e1a        0x2 
 .rodata.irq_add_tail_to_free_list.str1.4
                0x10007e1c       0x32 CMakeFiles/main.dir/F_/Pico/pico-sdk/src/rp2_common/hardware_irq/irq.c.obj
                                 0x3a (size before relaxing)
 *fill*         0x10007e4e        0x2 
 .rodata.__func__.4465
                0x10007e50       0x1a CMakeFiles/main.dir/F_/Pico/pico-sdk/src/rp2_common/hardware_irq/irq.c.obj
 *fill*         0x10007e6a        0x2 
 .rodata.__func__.4479
                0x10007e6c        0xc CMakeFiles/main.dir/F_/Pico/pico-sdk/src/rp2_common/hardware_irq/irq.c.obj
 .rodata.__func__.4487
                0x10007e78       0x17 CMakeFiles/main.dir/F_/Pico/pico-sdk/src/rp2_common/hardware_irq/irq.c.obj
 *fill*         0x10007e8f        0x1 
 .rodata.__func__.4491
                0x10007e90        0xf CMakeFiles/main.dir/F_/Pico/pico-sdk/src/rp2_common/hardware_irq/irq.c.obj
 *fill*         0x10007e9f        0x1 
 .rodata.__func__.4527
                0x10007ea0       0x13 CMakeFiles/main.dir/F_/Pico/pico-sdk/src/rp2_common/hardware_irq/irq.c.obj
 *fill*         0x10007eb3        0x1 
 .rodata.__func__.4546
                0x10007eb4       0x1a CMakeFiles/main.dir/F_/Pico/pico-sdk/src/rp2_common/hardware_irq/irq.c.obj
 *fill*         0x10007ece        0x2 
 .rodata._ftoa.str1.4
                0x10007ed0       0x15 CMakeFiles/main.dir/F_/Pico/pico-sdk/src/rp2_common/pico_printf/printf.c.obj
 *fill*         0x10007ee5        0x3 
 .rodata._vsnprintf
                0x10007ee8      0x1e0 CMakeFiles/main.dir/F_/Pico/pico-sdk/src/rp2_common/pico_printf/printf.c.obj
 .rodata.pow10.5419
                0x100080c8       0x50 CMakeFiles/main.dir/F_/Pico/pico-sdk/src/rp2_common/pico_printf/printf.c.obj
 .rodata.__aeabi_double_init.str1.4
                0x10008118       0x9e CMakeFiles/main.dir/F_/Pico/pico-sdk/src/rp2_common/pico_double/double_init_rom.c.obj
 *fill*         0x100081b6        0x2 
 .rodata.__func__.4676
                0x100081b8       0x14 CMakeFiles/main.dir/F_/Pico/pico-sdk/src/rp2_common/pico_double/double_init_rom.c.obj
 .rodata.__aeabi_float_init.str1.4
                0x100081cc       0x70 CMakeFiles/main.dir/F_/Pico/pico-sdk/src/rp2_common/pico_float/float_init_rom.c.obj
                                 0x74 (size before relaxing)
 .rodata.__func__.4678
                0x1000823c       0x13 CMakeFiles/main.dir/F_/Pico/pico-sdk/src/rp2_common/pico_float/float_init_rom.c.obj
 *fill*         0x1000824f        0x1 
 .rodata.str1.4
                0x10008250       0x2c CMakeFiles/main.dir/F_/Pico/pico-sdk/src/rp2_common/pico_standard_link/binary_info.c.obj
 .rodata.__bi_40
                0x1000827c        0xc CMakeFiles/main.dir/F_/Pico/pico-sdk/src/rp2_common/pico_standard_link/binary_info.c.obj
 .rodata.__bi_71
                0x10008288        0xc CMakeFiles/main.dir/F_/Pico/pico-sdk/src/rp2_common/pico_standard_link/binary_info.c.obj
 .rodata.crlf_str.5964
                0x10008294        0x2 CMakeFiles/main.dir/F_/Pico/pico-sdk/src/rp2_common/pico_stdio/stdio.c.obj
 *fill*         0x10008296        0x2 
 .rodata.str1.4
                0x10008298       0x2c CMakeFiles/main.dir/F_/Pico/pico-sdk/src/rp2_common/pico_stdio_uart/stdio_uart.c.obj
 .rodata.__bi_27.4687
                0x100082c4        0xc CMakeFiles/main.dir/F_/Pico/pico-sdk/src/rp2_common/pico_stdio_uart/stdio_uart.c.obj
 .rodata.__bi_28.4691
                0x100082d0        0x8 CMakeFiles/main.dir/F_/Pico/pico-sdk/src/rp2_common/pico_stdio_uart/stdio_uart.c.obj
 .rodata.str1.4
                0x100082d8       0x13 CMakeFiles/main.dir/F_/Pico/pico-sdk/src/rp2_common/pico_stdio_usb/stdio_usb.c.obj
 *fill*         0x100082eb        0x1 
 .rodata.__bi_93.7020
                0x100082ec        0xc CMakeFiles/main.dir/F_/Pico/pico-sdk/src/rp2_common/pico_stdio_usb/stdio_usb.c.obj
 .rodata.str1.4
                0x100082f8       0x32 CMakeFiles/main.dir/F_/Pico/pico-sdk/src/rp2_common/pico_stdio_usb/stdio_usb_descriptors.c.obj
 *fill*         0x1000832a        0x2 
 .rodata.usbd_desc_cfg
                0x1000832c       0x4b CMakeFiles/main.dir/F_/Pico/pico-sdk/src/rp2_common/pico_stdio_usb/stdio_usb_descriptors.c.obj
 *fill*         0x10008377        0x1 
 .rodata.usbd_desc_device
                0x10008378       0x12 CMakeFiles/main.dir/F_/Pico/pico-sdk/src/rp2_common/pico_stdio_usb/stdio_usb_descriptors.c.obj
 *fill*         0x1000838a        0x2 
 .rodata.usbd_desc_str
                0x1000838c       0x14 CMakeFiles/main.dir/F_/Pico/pico-sdk/src/rp2_common/pico_stdio_usb/stdio_usb_descriptors.c.obj
 .rodata._hw_endpoint_alloc.str1.4
                0x100083a0       0xad CMakeFiles/main.dir/F_/Pico/pico-sdk/lib/tinyusb/src/portable/raspberrypi/rp2040/dcd_rp2040.c.obj
 *fill*         0x1000844d        0x3 
 .rodata._hw_endpoint_init.str1.4
                0x10008450       0x28 CMakeFiles/main.dir/F_/Pico/pico-sdk/lib/tinyusb/src/portable/raspberrypi/rp2040/dcd_rp2040.c.obj
 .rodata.hw_handle_buff_status.str1.4
                0x10008478        0xb CMakeFiles/main.dir/F_/Pico/pico-sdk/lib/tinyusb/src/portable/raspberrypi/rp2040/dcd_rp2040.c.obj
 *fill*         0x10008483        0x1 
 .rodata.dcd_rp2040_irq.str1.4
                0x10008484       0x14 CMakeFiles/main.dir/F_/Pico/pico-sdk/lib/tinyusb/src/portable/raspberrypi/rp2040/dcd_rp2040.c.obj
 .rodata._hw_endpoint_stall.str1.4
                0x10008498        0xd CMakeFiles/main.dir/F_/Pico/pico-sdk/lib/tinyusb/src/portable/raspberrypi/rp2040/dcd_rp2040.c.obj
 *fill*         0x100084a5        0x3 
 .rodata.dcd_int_enable.str1.4
                0x100084a8        0xc CMakeFiles/main.dir/F_/Pico/pico-sdk/lib/tinyusb/src/portable/raspberrypi/rp2040/dcd_rp2040.c.obj
 .rodata.__func__.6751
                0x100084b4       0x13 CMakeFiles/main.dir/F_/Pico/pico-sdk/lib/tinyusb/src/portable/raspberrypi/rp2040/dcd_rp2040.c.obj
 *fill*         0x100084c7        0x1 
 .rodata.__func__.6782
                0x100084c8       0x16 CMakeFiles/main.dir/F_/Pico/pico-sdk/lib/tinyusb/src/portable/raspberrypi/rp2040/dcd_rp2040.c.obj
 *fill*         0x100084de        0x2 
 .rodata.__func__.6803
                0x100084e0       0x13 CMakeFiles/main.dir/F_/Pico/pico-sdk/lib/tinyusb/src/portable/raspberrypi/rp2040/dcd_rp2040.c.obj
 *fill*         0x100084f3        0x1 
 .rodata.__func__.6824
                0x100084f4        0x9 CMakeFiles/main.dir/F_/Pico/pico-sdk/lib/tinyusb/src/portable/raspberrypi/rp2040/dcd_rp2040.c.obj
 *fill*         0x100084fd        0x3 
 .rodata.__func__.6828
                0x10008500        0xf CMakeFiles/main.dir/F_/Pico/pico-sdk/lib/tinyusb/src/portable/raspberrypi/rp2040/dcd_rp2040.c.obj
 *fill*         0x1000850f        0x1 
 .rodata.__func__.6837
                0x10008510       0x10 CMakeFiles/main.dir/F_/Pico/pico-sdk/lib/tinyusb/src/portable/raspberrypi/rp2040/dcd_rp2040.c.obj
 .rodata.__func__.6849
                0x10008520        0xc CMakeFiles/main.dir/F_/Pico/pico-sdk/lib/tinyusb/src/portable/raspberrypi/rp2040/dcd_rp2040.c.obj
 .rodata.__func__.6854
                0x1000852c       0x1a CMakeFiles/main.dir/F_/Pico/pico-sdk/lib/tinyusb/src/portable/raspberrypi/rp2040/dcd_rp2040.c.obj
 *fill*         0x10008546        0x2 
 .rodata.__func__.6859
                0x10008548        0xe CMakeFiles/main.dir/F_/Pico/pico-sdk/lib/tinyusb/src/portable/raspberrypi/rp2040/dcd_rp2040.c.obj
 *fill*         0x10008556        0x2 
 .rodata.__func__.6866
                0x10008558        0xe CMakeFiles/main.dir/F_/Pico/pico-sdk/lib/tinyusb/src/portable/raspberrypi/rp2040/dcd_rp2040.c.obj
 *fill*         0x10008566        0x2 
 .rodata.__func__.6871
                0x10008568        0xf CMakeFiles/main.dir/F_/Pico/pico-sdk/lib/tinyusb/src/portable/raspberrypi/rp2040/dcd_rp2040.c.obj
 *fill*         0x10008577        0x1 
 .rodata.__func__.6876
                0x10008578       0x15 CMakeFiles/main.dir/F_/Pico/pico-sdk/lib/tinyusb/src/portable/raspberrypi/rp2040/dcd_rp2040.c.obj
 *fill*         0x1000858d        0x3 
 .rodata._hw_endpoint_buffer_control_update32.str1.4
                0x10008590       0x1f CMakeFiles/main.dir/F_/Pico/pico-sdk/lib/tinyusb/src/portable/raspberrypi/rp2040/rp2040_usb.c.obj
 *fill*         0x100085af        0x1 
 .rodata._hw_endpoint_xfer_sync.str1.4
                0x100085b0       0x89 CMakeFiles/main.dir/F_/Pico/pico-sdk/lib/tinyusb/src/portable/raspberrypi/rp2040/rp2040_usb.c.obj
 *fill*         0x10008639        0x3 
 .rodata._hw_endpoint_xfer_continue.str1.4
                0x1000863c       0x50 CMakeFiles/main.dir/F_/Pico/pico-sdk/lib/tinyusb/src/portable/raspberrypi/rp2040/rp2040_usb.c.obj
 .rodata._hw_endpoint_xfer.str1.4
                0x1000868c        0xf CMakeFiles/main.dir/F_/Pico/pico-sdk/lib/tinyusb/src/portable/raspberrypi/rp2040/rp2040_usb.c.obj
 .rodata.str1.4
                0x1000869b        0xf CMakeFiles/main.dir/F_/Pico/pico-sdk/lib/tinyusb/src/portable/raspberrypi/rp2040/rp2040_usb.c.obj
                                  0x7 (size before relaxing)
 *fill*         0x1000869b        0x1 
 .rodata.__func__.6621
                0x1000869c       0x17 CMakeFiles/main.dir/F_/Pico/pico-sdk/lib/tinyusb/src/portable/raspberrypi/rp2040/rp2040_usb.c.obj
 *fill*         0x100086b3        0x1 
 .rodata.__func__.6632
                0x100086b4       0x12 CMakeFiles/main.dir/F_/Pico/pico-sdk/lib/tinyusb/src/portable/raspberrypi/rp2040/rp2040_usb.c.obj
 *fill*         0x100086c6        0x2 
 .rodata.process_set_config.str1.4
                0x100086c8       0x17 CMakeFiles/main.dir/F_/Pico/pico-sdk/lib/tinyusb/src/device/usbd.c.obj
 *fill*         0x100086df        0x1 
 .rodata.process_get_descriptor
                0x100086e0       0x40 CMakeFiles/main.dir/F_/Pico/pico-sdk/lib/tinyusb/src/device/usbd.c.obj
 .rodata.dcd_event_handler.str1.4
                0x10008720       0x42 CMakeFiles/main.dir/F_/Pico/pico-sdk/lib/tinyusb/src/device/usbd.c.obj
 *fill*         0x10008762        0x2 
 .rodata.process_control_request
                0x10008764       0x28 CMakeFiles/main.dir/F_/Pico/pico-sdk/lib/tinyusb/src/device/usbd.c.obj
 .rodata.tud_task
                0x1000878c       0x24 CMakeFiles/main.dir/F_/Pico/pico-sdk/lib/tinyusb/src/device/usbd.c.obj
 .rodata.__func__.6365
                0x100087b0       0x13 CMakeFiles/main.dir/F_/Pico/pico-sdk/lib/tinyusb/src/device/usbd.c.obj
 *fill*         0x100087c3        0x1 
 .rodata.__func__.6372
                0x100087c4       0x10 CMakeFiles/main.dir/F_/Pico/pico-sdk/lib/tinyusb/src/device/usbd.c.obj
 .rodata.__func__.7143
                0x100087d4        0x9 CMakeFiles/main.dir/F_/Pico/pico-sdk/lib/tinyusb/src/device/usbd.c.obj
 *fill*         0x100087dd        0x3 
 .rodata.__func__.7164
                0x100087e0       0x18 CMakeFiles/main.dir/F_/Pico/pico-sdk/lib/tinyusb/src/device/usbd.c.obj
 .rodata.__func__.7203
                0x100087f8       0x13 CMakeFiles/main.dir/F_/Pico/pico-sdk/lib/tinyusb/src/device/usbd.c.obj
 *fill*         0x1000880b        0x1 
 .rodata.__func__.7246
                0x1000880c       0x17 CMakeFiles/main.dir/F_/Pico/pico-sdk/lib/tinyusb/src/device/usbd.c.obj
 *fill*         0x10008823        0x1 
 .rodata.__func__.7300
                0x10008824       0x14 CMakeFiles/main.dir/F_/Pico/pico-sdk/lib/tinyusb/src/device/usbd.c.obj
 .rodata.__func__.7336
                0x10008838        0xf CMakeFiles/main.dir/F_/Pico/pico-sdk/lib/tinyusb/src/device/usbd.c.obj
 *fill*         0x10008847        0x1 
 .rodata._usbd_driver
                0x10008848       0x1c CMakeFiles/main.dir/F_/Pico/pico-sdk/lib/tinyusb/src/device/usbd.c.obj
 .rodata.tud_control_xfer.str1.4
                0x10008864       0x17 CMakeFiles/main.dir/F_/Pico/pico-sdk/lib/tinyusb/src/device/usbd_control.c.obj
 .rodata.__func__.7063
                0x10008864       0x11 CMakeFiles/main.dir/F_/Pico/pico-sdk/lib/tinyusb/src/device/usbd_control.c.obj
 *fill*         0x10008875        0x3 
 .rodata.__func__.7081
                0x10008878       0x15 CMakeFiles/main.dir/F_/Pico/pico-sdk/lib/tinyusb/src/device/usbd_control.c.obj
 .rodata.tud_cdc_n_write_flush.str1.4
                0x1000888d       0x17 CMakeFiles/main.dir/F_/Pico/pico-sdk/lib/tinyusb/src/class/cdc/cdc_device.c.obj
 *fill*         0x1000888d        0x3 
 .rodata.__func__.7005
                0x10008890       0x16 CMakeFiles/main.dir/F_/Pico/pico-sdk/lib/tinyusb/src/class/cdc/cdc_device.c.obj
 *fill*         0x100088a6        0x2 
 .rodata.__func__.7034
                0x100088a8        0xa CMakeFiles/main.dir/F_/Pico/pico-sdk/lib/tinyusb/src/class/cdc/cdc_device.c.obj
 *fill*         0x100088b2        0x2 
 .rodata.__func__.7074
                0x100088b4        0xd CMakeFiles/main.dir/F_/Pico/pico-sdk/lib/tinyusb/src/class/cdc/cdc_device.c.obj
 .rodata.tusb_init.str1.4
                0x100088c1       0x17 CMakeFiles/main.dir/F_/Pico/pico-sdk/lib/tinyusb/src/tusb.c.obj
 *fill*         0x100088c1        0x3 
 .rodata.__func__.6942
                0x100088c4        0xa CMakeFiles/main.dir/F_/Pico/pico-sdk/lib/tinyusb/src/tusb.c.obj
 *fill*         0x100088ce        0x2 
 .rodata.DEV_Module_Init.str1.4
                0x100088d0       0x15 lib\Config\libConfig.a(DEV_Config.c.obj)
                0x100088e8                . = ALIGN (0x4)
 *fill*         0x100088e5        0x3 
 *(SORT_BY_ALIGNMENT(SORT_BY_NAME(.flashdata*)))
                0x100088e8                . = ALIGN (0x4)

.rel.dyn        0x100088e8        0x0
 .rel.iplt      0x100088e8        0x0 f:/program files (x86)/gnu tools arm embedded/9 2019-q4-major/bin/../lib/gcc/arm-none-eabi/9.2.1/thumb/v6-m/nofp/crtbegin.o

.ARM.extab
 *(.ARM.extab* .gnu.linkonce.armextab.*)
                0x100088e8                __exidx_start = .

.ARM.exidx
 *(.ARM.exidx* .gnu.linkonce.armexidx.*)
                0x100088e8                __exidx_end = .
                0x100088e8                . = ALIGN (0x4)
                0x100088e8                __binary_info_start = .

.binary_info    0x100088e8       0x24
 *(.binary_info.keep.*)
 .binary_info.keep.__bi_ptr18
                0x100088e8        0x4 CMakeFiles/main.dir/F_/Pico/pico-sdk/src/rp2_common/pico_standard_link/binary_info.c.obj
 .binary_info.keep.__bi_ptr26
                0x100088ec        0x4 CMakeFiles/main.dir/F_/Pico/pico-sdk/src/rp2_common/pico_standard_link/binary_info.c.obj
 .binary_info.keep.__bi_ptr34
                0x100088f0        0x4 CMakeFiles/main.dir/F_/Pico/pico-sdk/src/rp2_common/pico_standard_link/binary_info.c.obj
 .binary_info.keep.__bi_ptr40
                0x100088f4        0x4 CMakeFiles/main.dir/F_/Pico/pico-sdk/src/rp2_common/pico_standard_link/binary_info.c.obj
 .binary_info.keep.__bi_ptr46
                0x100088f8        0x4 CMakeFiles/main.dir/F_/Pico/pico-sdk/src/rp2_common/pico_standard_link/binary_info.c.obj
 .binary_info.keep.__bi_ptr71
                0x100088fc        0x4 CMakeFiles/main.dir/F_/Pico/pico-sdk/src/rp2_common/pico_standard_link/binary_info.c.obj
 *(.binary_info.*)
 .binary_info.__bi_ptr27
                0x10008900        0x4 CMakeFiles/main.dir/F_/Pico/pico-sdk/src/rp2_common/pico_stdio_uart/stdio_uart.c.obj
 .binary_info.__bi_ptr28
                0x10008904        0x4 CMakeFiles/main.dir/F_/Pico/pico-sdk/src/rp2_common/pico_stdio_uart/stdio_uart.c.obj
 .binary_info.__bi_ptr93
                0x10008908        0x4 CMakeFiles/main.dir/F_/Pico/pico-sdk/src/rp2_common/pico_stdio_usb/stdio_usb.c.obj
                0x1000890c                __binary_info_end = .
                0x1000890c                . = ALIGN (0x4)
                0x1000890c                __etext = .

.ram_vector_table
                0x20000000       0xc0
 *(.ram_vector_table)
 .ram_vector_table
                0x20000000       0xc0 CMakeFiles/main.dir/F_/Pico/pico-sdk/src/rp2_common/pico_runtime/runtime.c.obj
                0x20000000                ram_vector_table

.data           0x200000c0      0xb5c load address 0x1000890c
                0x200000c0                __data_start__ = .
 *(vtable)
 *(.time_critical*)
 .time_critical.mutex_enter_blocking
                0x200000c0       0x64 CMakeFiles/main.dir/F_/Pico/pico-sdk/src/common/pico_sync/mutex.c.obj
                0x200000c0                mutex_enter_blocking
 .time_critical.mutex_try_enter
                0x20000124       0x46 CMakeFiles/main.dir/F_/Pico/pico-sdk/src/common/pico_sync/mutex.c.obj
                0x20000124                mutex_try_enter
 *fill*         0x2000016a        0x2 
 .time_critical.mutex_enter_block_until
                0x2000016c       0x78 CMakeFiles/main.dir/F_/Pico/pico-sdk/src/common/pico_sync/mutex.c.obj
                0x2000016c                mutex_enter_block_until
 .time_critical.mutex_enter_timeout_ms
                0x200001e4       0x3c CMakeFiles/main.dir/F_/Pico/pico-sdk/src/common/pico_sync/mutex.c.obj
                0x200001e4                mutex_enter_timeout_ms
 .time_critical.mutex_exit
                0x20000220       0x4c CMakeFiles/main.dir/F_/Pico/pico-sdk/src/common/pico_sync/mutex.c.obj
                0x20000220                mutex_exit
 .time_critical.spi_write_blocking
                0x2000026c       0x3a CMakeFiles/main.dir/F_/Pico/pico-sdk/src/rp2_common/hardware_spi/spi.c.obj
                0x2000026c                spi_write_blocking
 *(.text*)
 *fill*         0x200002a6        0x2 
 .text          0x200002a8        0x4 f:/program files (x86)/gnu tools arm embedded/9 2019-q4-major/bin/../lib/gcc/arm-none-eabi/9.2.1/thumb/v6-m/nofp\libgcc.a(_dvmd_tls.o)
                0x200002a8                __aeabi_idiv0
                0x200002a8                __aeabi_ldiv0
 *fill*         0x200002ac        0x4 
 .text.__stub   0x200002b0       0x40 linker stubs
                0x200002f0                . = ALIGN (0x4)
 *(.rodata*)
                0x200002f0                . = ALIGN (0x4)
 *(.data*)
 .data.striped_spin_lock_num
                0x200002f0        0x1 CMakeFiles/main.dir/F_/Pico/pico-sdk/src/rp2_common/hardware_sync/sync.c.obj
 *fill*         0x200002f1        0x3 
 .data          0x200002f4       0x48 CMakeFiles/main.dir/F_/Pico/pico-sdk/src/rp2_common/hardware_irq/irq_handler_chain.S.obj
                0x200002f4                irq_handler_chain_slots
                0x20000324                irq_handler_chain_first_slot
                0x2000032e                irq_handler_chain_remove_tail
 *fill*         0x2000033c        0x4 
 .data.aeabi_bits_funcs
                0x20000340       0x10 CMakeFiles/main.dir/F_/Pico/pico-sdk/src/rp2_common/pico_bit_ops/bit_ops_aeabi.S.obj
                0x20000340                aeabi_bits_funcs
                0x20000350                aeabi_bits_funcs_end
 .data.aeabi_mem_funcs
                0x20000350       0x10 CMakeFiles/main.dir/F_/Pico/pico-sdk/src/rp2_common/pico_mem_ops/mem_ops_aeabi.S.obj
                0x20000350                aeabi_mem_funcs
                0x20000360                aeabi_mem_funcs_end
 .data.stdio_uart
                0x20000360       0x14 CMakeFiles/main.dir/F_/Pico/pico-sdk/src/rp2_common/pico_stdio_uart/stdio_uart.c.obj
                0x20000360                stdio_uart
 .data.stdio_usb
                0x20000374       0x14 CMakeFiles/main.dir/F_/Pico/pico-sdk/src/rp2_common/pico_stdio_usb/stdio_usb.c.obj
                0x20000374                stdio_usb
 .data.ep_dir_string
                0x20000388        0x8 CMakeFiles/main.dir/F_/Pico/pico-sdk/lib/tinyusb/src/portable/raspberrypi/rp2040/rp2040_usb.c.obj
                0x20000388                ep_dir_string
 .data._usbd_qdef
                0x20000390       0x20 CMakeFiles/main.dir/F_/Pico/pico-sdk/lib/tinyusb/src/device/usbd.c.obj
                0x20000390                _usbd_qdef
 .data.SEG8Code
                0x200003b0       0x10 lib\LED_8SEG\libLED_8SEG.a(LED_8SEG.c.obj)
                0x200003b0                SEG8Code
 .data._impure_ptr
                0x200003c0        0x4 f:/program files (x86)/gnu tools arm embedded/9 2019-q4-major/bin/../lib/gcc/arm-none-eabi/9.2.1/../../../../arm-none-eabi/lib/thumb/v6-m/nofp\libg.a(lib_a-impure.o)
                0x200003c0                _impure_ptr
 *fill*         0x200003c4        0x4 
 .data.impure_data
                0x200003c8      0x428 f:/program files (x86)/gnu tools arm embedded/9 2019-q4-major/bin/../lib/gcc/arm-none-eabi/9.2.1/../../../../arm-none-eabi/lib/thumb/v6-m/nofp\libg.a(lib_a-impure.o)
 .data.__malloc_av_
                0x200007f0      0x408 f:/program files (x86)/gnu tools arm embedded/9 2019-q4-major/bin/../lib/gcc/arm-none-eabi/9.2.1/../../../../arm-none-eabi/lib/thumb/v6-m/nofp\libg.a(lib_a-mallocr.o)
                0x200007f0                __malloc_av_
 .data.__malloc_sbrk_base
                0x20000bf8        0x4 f:/program files (x86)/gnu tools arm embedded/9 2019-q4-major/bin/../lib/gcc/arm-none-eabi/9.2.1/../../../../arm-none-eabi/lib/thumb/v6-m/nofp\libg.a(lib_a-mallocr.o)
                0x20000bf8                __malloc_sbrk_base
 .data.__malloc_trim_threshold
                0x20000bfc        0x4 f:/program files (x86)/gnu tools arm embedded/9 2019-q4-major/bin/../lib/gcc/arm-none-eabi/9.2.1/../../../../arm-none-eabi/lib/thumb/v6-m/nofp\libg.a(lib_a-mallocr.o)
                0x20000bfc                __malloc_trim_threshold
                0x20000c00                . = ALIGN (0x4)
 *(.after_data.*)
                0x20000c00                . = ALIGN (0x4)
                0x20000c00                PROVIDE (__mutex_array_start = .)
 *(SORT_BY_NAME(.mutex_array.*))
 *(.mutex_array)
 .mutex_array   0x20000c00        0x8 CMakeFiles/main.dir/F_/Pico/pico-sdk/src/rp2_common/pico_stdio/stdio.c.obj
                0x20000c08                PROVIDE (__mutex_array_end = .)
                0x20000c08                . = ALIGN (0x4)
                0x20000c08                PROVIDE (__preinit_array_start = .)
 *(SORT_BY_NAME(.preinit_array.*))
 .preinit_array.00001
                0x20000c08        0x4 CMakeFiles/main.dir/F_/Pico/pico-sdk/src/rp2_common/pico_mem_ops/mem_ops_aeabi.S.obj
 .preinit_array.00010
                0x20000c0c        0x4 CMakeFiles/main.dir/F_/Pico/pico-sdk/src/rp2_common/pico_bit_ops/bit_ops_aeabi.S.obj
 .preinit_array.00020
                0x20000c10        0x4 CMakeFiles/main.dir/F_/Pico/pico-sdk/src/rp2_common/pico_double/double_aeabi.S.obj
 .preinit_array.00020
                0x20000c14        0x4 CMakeFiles/main.dir/F_/Pico/pico-sdk/src/rp2_common/pico_float/float_aeabi.S.obj
 *(.preinit_array)
                0x20000c18                PROVIDE (__preinit_array_end = .)
                0x20000c18                . = ALIGN (0x4)
                0x20000c18                PROVIDE (__init_array_start = .)
 *(SORT_BY_NAME(.init_array.*))
 *(.init_array)
 .init_array    0x20000c18        0x4 f:/program files (x86)/gnu tools arm embedded/9 2019-q4-major/bin/../lib/gcc/arm-none-eabi/9.2.1/thumb/v6-m/nofp/crtbegin.o
                0x20000c1c                PROVIDE (__init_array_end = .)
                0x20000c1c                . = ALIGN (0x4)
                [!provide]                PROVIDE (__fini_array_start = .)
 *(SORT_BY_NAME(.fini_array.*))
 *(.fini_array)
                [!provide]                PROVIDE (__fini_array_end = .)
 *(.jcr)
                0x20000c1c                . = ALIGN (0x4)
                0x20000c1c                __data_end__ = .

.igot.plt       0x20000c1c        0x0 load address 0x10009468
 .igot.plt      0x20000c1c        0x0 f:/program files (x86)/gnu tools arm embedded/9 2019-q4-major/bin/../lib/gcc/arm-none-eabi/9.2.1/thumb/v6-m/nofp/crtbegin.o

.uninitialized_data
                0x20000c1c        0x0 load address 0x10009468
                0x20000c1c                . = ALIGN (0x4)
 *(.uninitialized_data*)

.scratch_x      0x20040000        0x0 load address 0x10009468
                0x20040000                __scratch_x_start__ = .
 *(.scratch_x.*)
                0x20040000                . = ALIGN (0x4)
                0x20040000                __scratch_x_end__ = .
                0x10009468                __scratch_x_source__ = LOADADDR (.scratch_x)

.scratch_y      0x20041000        0x0 load address 0x10009468
                0x20041000                __scratch_y_start__ = .
 *(.scratch_y.*)
                0x20041000                . = ALIGN (0x4)
                0x20041000                __scratch_y_end__ = .
                0x10009468                __scratch_y_source__ = LOADADDR (.scratch_y)

.bss            0x20000c20     0x10c0
                0x20000c20                . = ALIGN (0x4)
                0x20000c20                __bss_start__ = .
 *(SORT_BY_ALIGNMENT(SORT_BY_NAME(.bss*)))
 .bss.last_avail_time.6999
                0x20000c20        0x8 CMakeFiles/main.dir/F_/Pico/pico-sdk/src/rp2_common/pico_stdio_usb/stdio_usb.c.obj
 .bss           0x20000c28       0x1c f:/program files (x86)/gnu tools arm embedded/9 2019-q4-major/bin/../lib/gcc/arm-none-eabi/9.2.1/thumb/v6-m/nofp/crtbegin.o
 .bss.__malloc_current_mallinfo
                0x20000c44       0x28 f:/program files (x86)/gnu tools arm embedded/9 2019-q4-major/bin/../lib/gcc/arm-none-eabi/9.2.1/../../../../arm-none-eabi/lib/thumb/v6-m/nofp\libg.a(lib_a-mallocr.o)
                0x20000c44                __malloc_current_mallinfo
 .bss.__malloc_max_sbrked_mem
                0x20000c6c        0x4 f:/program files (x86)/gnu tools arm embedded/9 2019-q4-major/bin/../lib/gcc/arm-none-eabi/9.2.1/../../../../arm-none-eabi/lib/thumb/v6-m/nofp\libg.a(lib_a-mallocr.o)
                0x20000c6c                __malloc_max_sbrked_mem
 .bss.__malloc_max_total_mem
                0x20000c70        0x4 f:/program files (x86)/gnu tools arm embedded/9 2019-q4-major/bin/../lib/gcc/arm-none-eabi/9.2.1/../../../../arm-none-eabi/lib/thumb/v6-m/nofp\libg.a(lib_a-mallocr.o)
                0x20000c70                __malloc_max_total_mem
 .bss.__malloc_top_pad
                0x20000c74        0x4 f:/program files (x86)/gnu tools arm embedded/9 2019-q4-major/bin/../lib/gcc/arm-none-eabi/9.2.1/../../../../arm-none-eabi/lib/thumb/v6-m/nofp\libg.a(lib_a-mallocr.o)
                0x20000c74                __malloc_top_pad
 .bss._app_driver
                0x20000c78        0x4 CMakeFiles/main.dir/F_/Pico/pico-sdk/lib/tinyusb/src/device/usbd.c.obj
 .bss._cdcd_itf
                0x20000c7c      0x5a0 CMakeFiles/main.dir/F_/Pico/pico-sdk/lib/tinyusb/src/class/cdc/cdc_device.c.obj
 .bss._ctrl_xfer
                0x2000121c       0x14 CMakeFiles/main.dir/F_/Pico/pico-sdk/lib/tinyusb/src/device/usbd_control.c.obj
 .bss._ubsd_mutexdef
                0x20001230        0x8 CMakeFiles/main.dir/F_/Pico/pico-sdk/lib/tinyusb/src/device/usbd.c.obj
 .bss._usbd_ctrl_buf
                0x20001238       0x40 CMakeFiles/main.dir/F_/Pico/pico-sdk/lib/tinyusb/src/device/usbd_control.c.obj
 .bss._usbd_dev
                0x20001278       0x37 CMakeFiles/main.dir/F_/Pico/pico-sdk/lib/tinyusb/src/device/usbd.c.obj
 *fill*         0x200012af        0x1 
 .bss._usbd_mutex
                0x200012b0        0x4 CMakeFiles/main.dir/F_/Pico/pico-sdk/lib/tinyusb/src/device/usbd.c.obj
 .bss._usbd_q   0x200012b4        0x4 CMakeFiles/main.dir/F_/Pico/pico-sdk/lib/tinyusb/src/device/usbd.c.obj
 .bss.alarm_callbacks
                0x200012b8       0x10 CMakeFiles/main.dir/F_/Pico/pico-sdk/src/rp2_common/hardware_timer/timer.c.obj
 .bss.claimed   0x200012c8        0x4 CMakeFiles/main.dir/F_/Pico/pico-sdk/src/rp2_common/hardware_sync/sync.c.obj
 .bss.configured_freq
                0x200012cc       0x28 CMakeFiles/main.dir/F_/Pico/pico-sdk/src/rp2_common/hardware_clocks/clocks.c.obj
 .bss.default_alarm_pool
                0x200012f4        0x4 CMakeFiles/main.dir/F_/Pico/pico-sdk/src/common/pico_time/time.c.obj
 .bss.desc_str.6882
                0x200012f8       0x28 CMakeFiles/main.dir/F_/Pico/pico-sdk/src/rp2_common/pico_stdio_usb/stdio_usb_descriptors.c.obj
 .bss.drivers   0x20001320        0x4 CMakeFiles/main.dir/F_/Pico/pico-sdk/src/rp2_common/pico_stdio/stdio.c.obj
 .bss.filter    0x20001324        0x4 CMakeFiles/main.dir/F_/Pico/pico-sdk/src/rp2_common/pico_stdio/stdio.c.obj
 .bss.heap_end.5764
                0x20001328        0x4 CMakeFiles/main.dir/F_/Pico/pico-sdk/src/rp2_common/pico_runtime/runtime.c.obj
 .bss.hw_endpoints
                0x2000132c      0x680 CMakeFiles/main.dir/F_/Pico/pico-sdk/lib/tinyusb/src/portable/raspberrypi/rp2040/dcd_rp2040.c.obj
 .bss.next_buffer_ptr
                0x200019ac        0x4 CMakeFiles/main.dir/F_/Pico/pico-sdk/lib/tinyusb/src/portable/raspberrypi/rp2040/dcd_rp2040.c.obj
 .bss.pools     0x200019b0       0x10 CMakeFiles/main.dir/F_/Pico/pico-sdk/src/common/pico_time/time.c.obj
 .bss.stdio_usb_mutex
                0x200019c0        0x8 CMakeFiles/main.dir/F_/Pico/pico-sdk/src/rp2_common/pico_stdio_usb/stdio_usb.c.obj
 .bss.target_hi
                0x200019c8       0x10 CMakeFiles/main.dir/F_/Pico/pico-sdk/src/rp2_common/hardware_timer/timer.c.obj
 .bss._app_driver_count
                0x200019d8        0x1 CMakeFiles/main.dir/F_/Pico/pico-sdk/lib/tinyusb/src/device/usbd.c.obj
 .bss._initialized
                0x200019d9        0x1 CMakeFiles/main.dir/F_/Pico/pico-sdk/lib/tinyusb/src/tusb.c.obj
 .bss.assigned_address
                0x200019da        0x1 CMakeFiles/main.dir/F_/Pico/pico-sdk/lib/tinyusb/src/portable/raspberrypi/rp2040/dcd_rp2040.c.obj
 .bss.claimed   0x200019db        0x1 CMakeFiles/main.dir/F_/Pico/pico-sdk/src/rp2_common/hardware_timer/timer.c.obj
 .bss.irq_hander_chain_free_slot_head
                0x200019dc        0x1 CMakeFiles/main.dir/F_/Pico/pico-sdk/src/rp2_common/hardware_irq/irq.c.obj
 .bss.timer_callbacks_pending
                0x200019dd        0x1 CMakeFiles/main.dir/F_/Pico/pico-sdk/src/rp2_common/hardware_timer/timer.c.obj
 *(COMMON)
 *fill*         0x200019de        0x2 
 COMMON         0x200019e0        0x4 CMakeFiles/main.dir/F_/Pico/pico-sdk/src/rp2_common/hardware_uart/uart.c.obj
                0x200019e0                uart_char_to_line_feed